Archive member included to satisfy reference by file (symbol)

D:/Programmes/STM32CubeIDE_1.19.0/STM32CubeIDE/plugins/com.st.stm32cube.ide.mcu.externaltools.gnu-tools-for-stm32.14.3.rel1.win32_1.0.100.202602081740/tools/bin/../lib/gcc/arm-none-eabi/14.3.1/../../../../arm-none-eabi/lib/thumb/v7e-m+fp/hard\libc_nano.a(libc_a-exit.o)
                              D:/Programmes/STM32CubeIDE_1.19.0/STM32CubeIDE/plugins/com.st.stm32cube.ide.mcu.externaltools.gnu-tools-for-stm32.14.3.rel1.win32_1.0.100.202602081740/tools/bin/../lib/gcc/arm-none-eabi/14.3.1/../../../../arm-none-eabi/lib/thumb/v7e-m+fp/hard/crt0.o (exit)
D:/Programmes/STM32CubeIDE_1.19.0/STM32CubeIDE/plugins/com.st.stm32cube.ide.mcu.externaltools.gnu-tools-for-stm32.14.3.rel1.win32_1.0.100.202602081740/tools/bin/../lib/gcc/arm-none-eabi/14.3.1/../../../../arm-none-eabi/lib/thumb/v7e-m+fp/hard\libc_nano.a(libc_a-findfp.o)
                              D:/Programmes/STM32CubeIDE_1.19.0/STM32CubeIDE/plugins/com.st.stm32cube.ide.mcu.externaltools.gnu-tools-for-stm32.14.3.rel1.win32_1.0.100.202602081740/tools/bin/../lib/gcc/arm-none-eabi/14.3.1/../../../../arm-none-eabi/lib/thumb/v7e-m+fp/hard\libc_nano.a(libc_a-exit.o) (__stdio_exit_handler)
D:/Programmes/STM32CubeIDE_1.19.0/STM32CubeIDE/plugins/com.st.stm32cube.ide.mcu.externaltools.gnu-tools-for-stm32.14.3.rel1.win32_1.0.100.202602081740/tools/bin/../lib/gcc/arm-none-eabi/14.3.1/../../../../arm-none-eabi/lib/thumb/v7e-m+fp/hard\libc_nano.a(libc_a-fwalk.o)
                              D:/Programmes/STM32CubeIDE_1.19.0/STM32CubeIDE/plugins/com.st.stm32cube.ide.mcu.externaltools.gnu-tools-for-stm32.14.3.rel1.win32_1.0.100.202602081740/tools/bin/../lib/gcc/arm-none-eabi/14.3.1/../../../../arm-none-eabi/lib/thumb/v7e-m+fp/hard\libc_nano.a(libc_a-findfp.o) (_fwalk_sglue)
D:/Programmes/STM32CubeIDE_1.19.0/STM32CubeIDE/plugins/com.st.stm32cube.ide.mcu.externaltools.gnu-tools-for-stm32.14.3.rel1.win32_1.0.100.202602081740/tools/bin/../lib/gcc/arm-none-eabi/14.3.1/../../../../arm-none-eabi/lib/thumb/v7e-m+fp/hard\libc_nano.a(libc_a-printf.o)
                              ./Core/Src/dialogue.o (printf)
D:/Programmes/STM32CubeIDE_1.19.0/STM32CubeIDE/plugins/com.st.stm32cube.ide.mcu.externaltools.gnu-tools-for-stm32.14.3.rel1.win32_1.0.100.202602081740/tools/bin/../lib/gcc/arm-none-eabi/14.3.1/../../../../arm-none-eabi/lib/thumb/v7e-m+fp/hard\libc_nano.a(libc_a-stdio.o)
                              D:/Programmes/STM32CubeIDE_1.19.0/STM32CubeIDE/plugins/com.st.stm32cube.ide.mcu.externaltools.gnu-tools-for-stm32.14.3.rel1.win32_1.0.100.202602081740/tools/bin/../lib/gcc/arm-none-eabi/14.3.1/../../../../arm-none-eabi/lib/thumb/v7e-m+fp/hard\libc_nano.a(libc_a-findfp.o) (__sread)
D:/Programmes/STM32CubeIDE_1.19.0/STM32CubeIDE/plugins/com.st.stm32cube.ide.mcu.externaltools.gnu-tools-for-stm32.14.3.rel1.win32_1.0.100.202602081740/tools/bin/../lib/gcc/arm-none-eabi/14.3.1/../../../../arm-none-eabi/lib/thumb/v7e-m+fp/hard\libc_nano.a(libc_a-memset.o)
                              D:/Programmes/STM32CubeIDE_1.19.0/STM32CubeIDE/plugins/com.st.stm32cube.ide.mcu.externaltools.gnu-tools-for-stm32.14.3.rel1.win32_1.0.100.202602081740/tools/bin/../lib/gcc/arm-none-eabi/14.3.1/../../../../arm-none-eabi/lib/thumb/v7e-m+fp/hard/crt0.o (memset)
D:/Programmes/STM32CubeIDE_1.19.0/STM32CubeIDE/plugins/com.st.stm32cube.ide.mcu.externaltools.gnu-tools-for-stm32.14.3.rel1.win32_1.0.100.202602081740/tools/bin/../lib/gcc/arm-none-eabi/14.3.1/../../../../arm-none-eabi/lib/thumb/v7e-m+fp/hard\libc_nano.a(libc_a-closer.o)
                              D:/Programmes/STM32CubeIDE_1.19.0/STM32CubeIDE/plugins/com.st.stm32cube.ide.mcu.externaltools.gnu-tools-for-stm32.14.3.rel1.win32_1.0.100.202602081740/tools/bin/../lib/gcc/arm-none-eabi/14.3.1/../../../../arm-none-eabi/lib/thumb/v7e-m+fp/hard\libc_nano.a(libc_a-stdio.o) (_close_r)
D:/Programmes/STM32CubeIDE_1.19.0/STM32CubeIDE/plugins/com.st.stm32cube.ide.mcu.externaltools.gnu-tools-for-stm32.14.3.rel1.win32_1.0.100.202602081740/tools/bin/../lib/gcc/arm-none-eabi/14.3.1/../../../../arm-none-eabi/lib/thumb/v7e-m+fp/hard\libc_nano.a(libc_a-reent.o)
                              D:/Programmes/STM32CubeIDE_1.19.0/STM32CubeIDE/plugins/com.st.stm32cube.ide.mcu.externaltools.gnu-tools-for-stm32.14.3.rel1.win32_1.0.100.202602081740/tools/bin/../lib/gcc/arm-none-eabi/14.3.1/../../../../arm-none-eabi/lib/thumb/v7e-m+fp/hard\libc_nano.a(libc_a-closer.o) (errno)
D:/Programmes/STM32CubeIDE_1.19.0/STM32CubeIDE/plugins/com.st.stm32cube.ide.mcu.externaltools.gnu-tools-for-stm32.14.3.rel1.win32_1.0.100.202602081740/tools/bin/../lib/gcc/arm-none-eabi/14.3.1/../../../../arm-none-eabi/lib/thumb/v7e-m+fp/hard\libc_nano.a(libc_a-impure.o)
[...]
Memory Configuration

Name             Origin             Length             Attributes
RAM              0x20000000         0x00020000         xrw
FLASH            0x08000000         0x00080000         xr
*default*        0x00000000         0xffffffff

Linker script and memory map

LOAD D:/Programmes/STM32CubeIDE_1.19.0/STM32CubeIDE/plugins/com.st.stm32cube.ide.mcu.externaltools.gnu-tools-for-stm32.14.3.rel1.win32_1.0.100.202602081740/tools/bin/../lib/gcc/arm-none-eabi/14.3.1/thumb/v7e-m+fp/hard/crti.o
LOAD D:/Programmes/STM32CubeIDE_1.19.0/STM32CubeIDE/plugins/com.st.stm32cube.ide.mcu.externaltools.gnu-tools-for-stm32.14.3.rel1.win32_1.0.100.202602081740/tools/bin/../lib/gcc/arm-none-eabi/14.3.1/thumb/v7e-m+fp/hard/crtbegin.o
LOAD D:/Programmes/STM32CubeIDE_1.19.0/STM32CubeIDE/plugins/com.st.stm32cube.ide.mcu.externaltools.gnu-tools-for-stm32.14.3.rel1.win32_1.0.100.202602081740/tools/bin/../lib/gcc/arm-none-eabi/14.3.1/../../../../arm-none-eabi/lib/thumb/v7e-m+fp/hard/crt0.o
LOAD ./Core/Src/compteur.o
LOAD ./Core/Src/dialogue.o
LOAD ./Core/Src/dma.o
LOAD ./Core/Src/gpio.o
LOAD ./Core/Src/i2c.o
LOAD ./Core/Src/main.o
LOAD ./Core/Src/moteur.o
LOAD ./Core/Src/spi.o
LOAD ./Core/Src/stm32f4xx_hal_msp.o
LOAD ./Core/Src/stm32f4xx_it.o
LOAD ./Core/Src/syscalls.o
LOAD ./Core/Src/sysmem.o
LOAD ./Core/Src/system_stm32f4xx.o
LOAD ./Core/Src/systeme.o
LOAD ./Core/Src/tim.o
LOAD ./Core/Src/usart.o
LOAD ./Core/Startup/startup_stm32f411ceux.o
LOAD ./Drivers/STM32F4xx_HAL_Driver/Src/stm32f4xx_hal.o
LOAD ./Drivers/STM32F4xx_HAL_Driver/Src/stm32f4xx_hal_cortex.o
LOAD ./Drivers/STM32F4xx_HAL_Driver/Src/stm32f4xx_hal_dma.o
LOAD ./Drivers/STM32F4xx_HAL_Driver/Src/stm32f4xx_hal_dma_ex.o
LOAD ./Drivers/STM32F4xx_HAL_Driver/Src/stm32f4xx_hal_exti.o
LOAD ./Drivers/STM32F4xx_HAL_Driver/Src/stm32f4xx_hal_flash.o
LOAD ./Drivers/STM32F4xx_HAL_Driver/Src/stm32f4xx_hal_flash_ex.o
LOAD ./Drivers/STM32F4xx_HAL_Driver/Src/stm32f4xx_hal_flash_ramfunc.o
LOAD ./Drivers/STM32F4xx_HAL_Driver/Src/stm32f4xx_hal_gpio.o
LOAD ./Drivers/STM32F4xx_HAL_Driver/Src/stm32f4xx_hal_i2c.o
LOAD ./Drivers/STM32F4xx_HAL_Driver/Src/stm32f4xx_hal_i2c_ex.o
LOAD ./Drivers/STM32F4xx_HAL_Driver/Src/stm32f4xx_hal_pcd.o
LOAD ./Drivers/STM32F4xx_HAL_Driver/Src/stm32f4xx_hal_pcd_ex.o
LOAD ./Drivers/STM32F4xx_HAL_Driver/Src/stm32f4xx_hal_pwr.o
LOAD ./Drivers/STM32F4xx_HAL_Driver/Src/stm32f4xx_hal_pwr_ex.o
LOAD ./Drivers/STM32F4xx_HAL_Driver/Src/stm32f4xx_hal_rcc.o
LOAD ./Drivers/STM32F4xx_HAL_Driver/Src/stm32f4xx_hal_rcc_ex.o
LOAD ./Drivers/STM32F4xx_HAL_Driver/Src/stm32f4xx_hal_spi.o
LOAD ./Drivers/STM32F4xx_HAL_Driver/Src/stm32f4xx_hal_tim.o
LOAD ./Drivers/STM32F4xx_HAL_Driver/Src/stm32f4xx_hal_tim_ex.o
LOAD ./Drivers/STM32F4xx_HAL_Driver/Src/stm32f4xx_hal_uart.o
LOAD ./Drivers/STM32F4xx_HAL_Driver/Src/stm32f4xx_ll_usb.o
LOAD ./Middlewares/ST/STM32_USB_Device_Library/Class/CDC/Src/usbd_cdc.o
LOAD ./Middlewares/ST/STM32_USB_Device_Library/Core/Src/usbd_core.o
LOAD ./Middlewares/ST/STM32_USB_Device_Library/Core/Src/usbd_ctlreq.o
LOAD ./Middlewares/ST/STM32_USB_Device_Library/Core/Src/usbd_ioreq.o
LOAD ./USB_DEVICE/App/usb_device.o
LOAD ./USB_DEVICE/App/usbd_cdc_if.o
LOAD ./USB_DEVICE/App/usbd_desc.o
LOAD ./USB_DEVICE/Target/usbd_conf.o
START GROUP
LOAD D:/Programmes/STM32CubeIDE_1.19.0/STM32CubeIDE/plugins/com.st.stm32cube.ide.mcu.externaltools.gnu-tools-for-stm32.14.3.rel1.win32_1.0.100.202602081740/tools/bin/../lib/gcc/arm-none-eabi/14.3.1/../../../../arm-none-eabi/lib/thumb/v7e-m+fp/hard\libc_nano.a
LOAD D:/Programmes/STM32CubeIDE_1.19.0/STM32CubeIDE/plugins/com.st.stm32cube.ide.mcu.externaltools.gnu-tools-for-stm32.14.3.rel1.win32_1.0.100.202602081740/tools/bin/../lib/gcc/arm-none-eabi/14.3.1/../../../../arm-none-eabi/lib/thumb/v7e-m+fp/hard\libm.a
END GROUP
START GROUP
LOAD D:/Programmes/STM32CubeIDE_1.19.0/STM32CubeIDE/plugins/com.st.stm32cube.ide.mcu.externaltools.gnu-tools-for-stm32.14.3.rel1.win32_1.0.100.202602081740/tools/bin/../lib/gcc/arm-none-eabi/14.3.1/thumb/v7e-m+fp/hard\libgcc.a
LOAD D:/Programmes/STM32CubeIDE_1.19.0/STM32CubeIDE/plugins/com.st.stm32cube.ide.mcu.externaltools.gnu-tools-for-stm32.14.3.rel1.win32_1.0.100.202602081740/tools/bin/../lib/gcc/arm-none-eabi/14.3.1/../../../../arm-none-eabi/lib/thumb/v7e-m+fp/hard\libc_nano.a
END GROUP
START GROUP
LOAD D:/Programmes/STM32CubeIDE_1.19.0/STM32CubeIDE/plugins/com.st.stm32cube.ide.mcu.externaltools.gnu-tools-for-stm32.14.3.rel1.win32_1.0.100.202602081740/tools/bin/../lib/gcc/arm-none-eabi/14.3.1/thumb/v7e-m+fp/hard\libgcc.a
LOAD D:/Programmes/STM32CubeIDE_1.19.0/STM32CubeIDE/plugins/com.st.stm32cube.ide.mcu.externaltools.gnu-tools-for-stm32.14.3.rel1.win32_1.0.100.202602081740/tools/bin/../lib/gcc/arm-none-eabi/14.3.1/../../../../arm-none-eabi/lib/thumb/v7e-m+fp/hard\libc_nano.a
LOAD D:/Programmes/STM32CubeIDE_1.19.0/STM32CubeIDE/plugins/com.st.stm32cube.ide.mcu.externaltools.gnu-tools-for-stm32.14.3.rel1.win32_1.0.100.202602081740/tools/bin/../lib/gcc/arm-none-eabi/14.3.1/../../../../arm-none-eabi/lib/thumb/v7e-m+fp/hard\libnosys.a
END GROUP
START GROUP
LOAD D:/Programmes/STM32CubeIDE_1.19.0/STM32CubeIDE/plugins/com.st.stm32cube.ide.mcu.externaltools.gnu-tools-for-stm32.14.3.rel1.win32_1.0.100.202602081740/tools/bin/../lib/gcc/arm-none-eabi/14.3.1/thumb/v7e-m+fp/hard\libgcc.a
LOAD D:/Programmes/STM32CubeIDE_1.19.0/STM32CubeIDE/plugins/com.st.stm32cube.ide.mcu.externaltools.gnu-tools-for-stm32.14.3.rel1.win32_1.0.100.202602081740/tools/bin/../lib/gcc/arm-none-eabi/14.3.1/../../../../arm-none-eabi/lib/thumb/v7e-m+fp/hard\libc_nano.a
LOAD D:/Programmes/STM32CubeIDE_1.19.0/STM32CubeIDE/plugins/com.st.stm32cube.ide.mcu.externaltools.gnu-tools-for-stm32.14.3.rel1.win32_1.0.100.202602081740/tools/bin/../lib/gcc/arm-none-eabi/14.3.1/../../../../arm-none-eabi/lib/thumb/v7e-m+fp/hard\libnosys.a
END GROUP
LOAD D:/Programmes/STM32CubeIDE_1.19.0/STM32CubeIDE/plugins/com.st.stm32cube.ide.mcu.externaltools.gnu-tools-for-stm32.14.3.rel1.win32_1.0.100.202602081740/tools/bin/../lib/gcc/arm-none-eabi/14.3.1/thumb/v7e-m+fp/hard/crtend.o
LOAD D:/Programmes/STM32CubeIDE_1.19.0/STM32CubeIDE/plugins/com.st.stm32cube.ide.mcu.externaltools.gnu-tools-for-stm32.14.3.rel1.win32_1.0.100.202602081740/tools/bin/../lib/gcc/arm-none-eabi/14.3.1/thumb/v7e-m+fp/hard/crtn.o
                0x20020000                        _estack = (ORIGIN (RAM) + LENGTH (RAM))
                0x00000200                        _Min_Heap_Size = 0x200
                0x00000400                        _Min_Stack_Size = 0x400

.isr_vector     0x08000000      0x198
                0x08000000                        . = ALIGN (0x4)
 *(.isr_vector)
 .isr_vector    0x08000000      0x198 ./Core/Startup/startup_stm32f411ceux.o
                0x08000000                g_pfnVectors
                0x08000198                        . = ALIGN (0x4)

.text           0x080001a0     0xc1c4
                0x080001a0                        . = ALIGN (0x4)
 *(.text)
 .text          0x080001a0       0x40 D:/Programmes/STM32CubeIDE_1.19.0/STM32CubeIDE/plugins/com.st.stm32cube.ide.mcu.externaltools.gnu-tools-for-stm32.14.3.rel1.win32_1.0.100.202602081740/tools/bin/../lib/gcc/arm-none-eabi/14.3.1/thumb/v7e-m+fp/hard/crtbegin.o
 .text          0x080001e0       0xa0 D:/Programmes/STM32CubeIDE_1.19.0/STM32CubeIDE/plugins/com.st.stm32cube.ide.mcu.externaltools.gnu-tools-for-stm32.14.3.rel1.win32_1.0.100.202602081740/tools/bin/../lib/gcc/arm-none-eabi/14.3.1/../../../../arm-none-eabi/lib/thumb/v7e-m+fp/hard\libc_nano.a(libc_a-memchr.o)
                0x080001e0                memchr
 .text          0x08000280       0x30 D:/Programmes/STM32CubeIDE_1.19.0/STM32CubeIDE/plugins/com.st.stm32cube.ide.mcu.externaltools.gnu-tools-for-stm32.14.3.rel1.win32_1.0.100.202602081740/tools/bin/../lib/gcc/arm-none-eabi/14.3.1/thumb/v7e-m+fp/hard\libgcc.a(_aeabi_uldivmod.o)
                0x08000280                __aeabi_uldivmod
 .text          0x080002b0      0x2f8 D:/Programmes/STM32CubeIDE_1.19.0/STM32CubeIDE/plugins/com.st.stm32cube.ide.mcu.externaltools.gnu-tools-for-stm32.14.3.rel1.win32_1.0.100.202602081740/tools/bin/../lib/gcc/arm-none-eabi/14.3.1/thumb/v7e-m+fp/hard\libgcc.a(_udivmoddi4.o)
                0x080002b0                __udivmoddi4
 .text          0x080005a8        0x4 D:/Programmes/STM32CubeIDE_1.19.0/STM32CubeIDE/plugins/com.st.stm32cube.ide.mcu.externaltools.gnu-tools-for-stm32.14.3.rel1.win32_1.0.100.202602081740/tools/bin/../lib/gcc/arm-none-eabi/14.3.1/thumb/v7e-m+fp/hard\libgcc.a(_dvmd_tls.o)
                0x080005a8                __aeabi_idiv0
                0x080005a8                __aeabi_ldiv0
 *(.text*)
 .text.Compteur_Start
                0x080005ac       0x1c ./Core/Src/compteur.o
                0x080005ac                Compteur_Start
 .text.Compteur_GetGauche
                0x080005c8       0x18 ./Core/Src/compteur.o
                0x080005c8                Compteur_GetGauche
 .text.Compteur_GetDroite
                0x080005e0       0x40 ./Core/Src/compteur.o
                0x080005e0                Compteur_GetDroite
 .text.HAL_TIM_PeriodElapsedCallback
                0x08000620       0x30 ./Core/Src/compteur.o
                0x08000620                HAL_TIM_PeriodElapsedCallback
 .text.fifo_push
                0x08000650       0x58 ./Core/Src/dialogue.o
 .text.fifo_pop
                0x080006a8       0x62 ./Core/Src/dialogue.o
 *fill*         0x0800070a        0x2 
 .text.Dialogue_Init
                0x0800070c       0x54 ./Core/Src/dialogue.o
                0x0800070c                Dialogue_Init
 .text.Dialogue_PushBytes
                0x08000760       0x3c ./Core/Src/dialogue.o
                0x08000760                Dialogue_PushBytes
 .text.Dialogue_Process
                0x0800079c       0x88 ./Core/Src/dialogue.o
                0x0800079c                Dialogue_Process
 .text.Dialogue_UART_IDLE_Callback
                0x08000824       0x98 ./Core/Src/dialogue.o
                0x08000824                Dialogue_UART_IDLE_Callback
 .text.Dialogue_OnCommand
                0x080008bc       0x1c ./Core/Src/dialogue.o
                0x080008bc                Dialogue_OnCommand
 .text.MX_DMA_Init
                0x080008d8       0x40 ./Core/Src/dma.o
                0x080008d8                MX_DMA_Init
 .text.MX_GPIO_Init
                0x08000918      0x138 ./Core/Src/gpio.o
                0x08000918                MX_GPIO_Init
 .text.MX_I2C1_Init
                0x08000a50       0x5c ./Core/Src/i2c.o
                0x08000a50                MX_I2C1_Init
 .text.HAL_I2C_MspInit
                0x08000aac       0x90 ./Core/Src/i2c.o
                0x08000aac                HAL_I2C_MspInit
 .text.main     0x08000b3c       0xb8 ./Core/Src/main.o
                0x08000b3c                main
 .text.SystemClock_Config
                0x08000bf4       0xd0 ./Core/Src/main.o
                0x08000bf4                SystemClock_Config
 .text._write   0x08000cc4       0x42 ./Core/Src/main.o
                0x08000cc4                _write
 .text.Error_Handler
                0x08000d06        0xc ./Core/Src/main.o
                0x08000d06                Error_Handler
 .text.valeurAbsolue
                0x08000d12       0x22 ./Core/Src/moteur.o
 .text.AppliquerMoteurGauche
                0x08000d34       0xdc ./Core/Src/moteur.o
 .text.AppliquerMoteurDroite
                0x08000e10       0xdc ./Core/Src/moteur.o
 .text.Moteur_Initialiser
                0x08000eec       0x90 ./Core/Src/moteur.o
                0x08000eec                Moteur_Initialiser
 .text.Moteur_DefinirGauche
                0x08000f7c       0x4c ./Core/Src/moteur.o
                0x08000f7c                Moteur_DefinirGauche
 .text.Moteur_DefinirDroite
                0x08000fc8       0x4c ./Core/Src/moteur.o
                0x08000fc8                Moteur_DefinirDroite
 .text.Moteur_Arreter
                0x08001014       0x44 ./Core/Src/moteur.o
                0x08001014                Moteur_Arreter
 .text.Rampe    0x08001058       0x98 ./Core/Src/moteur.o
 .text.Moteur_Traitement
                0x080010f0       0x40 ./Core/Src/moteur.o
                0x080010f0                Moteur_Traitement
 .text.MX_SPI1_Init
                0x08001130       0x6c ./Core/Src/spi.o
                0x08001130                MX_SPI1_Init
 .text.HAL_SPI_MspInit
                0x0800119c       0x90 ./Core/Src/spi.o
                0x0800119c                HAL_SPI_MspInit
 .text.HAL_MspInit
                0x0800122c       0x50 ./Core/Src/stm32f4xx_hal_msp.o
                0x0800122c                HAL_MspInit
 .text.NMI_Handler
                0x0800127c        0x8 ./Core/Src/stm32f4xx_it.o
                0x0800127c                NMI_Handler
 .text.HardFault_Handler
                0x08001284        0x8 ./Core/Src/stm32f4xx_it.o
                0x08001284                HardFault_Handler
 .text.MemManage_Handler
                0x0800128c        0x8 ./Core/Src/stm32f4xx_it.o
                0x0800128c                MemManage_Handler
 .text.BusFault_Handler
                0x08001294        0x8 ./Core/Src/stm32f4xx_it.o
                0x08001294                BusFault_Handler
 .text.UsageFault_Handler
                0x0800129c        0x8 ./Core/Src/stm32f4xx_it.o
                0x0800129c                UsageFault_Handler
 .text.SVC_Handler
                0x080012a4        0xe ./Core/Src/stm32f4xx_it.o
                0x080012a4                SVC_Handler
 .text.DebugMon_Handler
                0x080012b2        0xe ./Core/Src/stm32f4xx_it.o
                0x080012b2                DebugMon_Handler
 .text.PendSV_Handler
                0x080012c0        0xe ./Core/Src/stm32f4xx_it.o
                0x080012c0                PendSV_Handler
 .text.SysTick_Handler
                0x080012ce        0xc ./Core/Src/stm32f4xx_it.o
                0x080012ce                SysTick_Handler
 *fill*         0x080012da        0x2 
 .text.DMA1_Stream5_IRQHandler
                0x080012dc       0x14 ./Core/Src/stm32f4xx_it.o
                0x080012dc                DMA1_Stream5_IRQHandler
 .text.TIM3_IRQHandler
                0x080012f0       0x14 ./Core/Src/stm32f4xx_it.o
                0x080012f0                TIM3_IRQHandler
 .text.USART2_IRQHandler
                0x08001304       0x40 ./Core/Src/stm32f4xx_it.o
                0x08001304                USART2_IRQHandler
 .text.OTG_FS_IRQHandler
                0x08001344       0x14 ./Core/Src/stm32f4xx_it.o
                0x08001344                OTG_FS_IRQHandler
 .text._read    0x08001358       0x3a ./Core/Src/syscalls.o
                0x08001358                _read
 .text._close   0x08001392       0x18 ./Core/Src/syscalls.o
                0x08001392                _close
 .text._fstat   0x080013aa       0x20 ./Core/Src/syscalls.o
                0x080013aa                _fstat
 .text._isatty  0x080013ca       0x16 ./Core/Src/syscalls.o
                0x080013ca                _isatty
 .text._lseek   0x080013e0       0x1a ./Core/Src/syscalls.o
                0x080013e0                _lseek
 *fill*         0x080013fa        0x2 
 .text._sbrk    0x080013fc       0x6c ./Core/Src/sysmem.o
                0x080013fc                _sbrk
 .text.SystemInit
                0x08001468       0x24 ./Core/Src/system_stm32f4xx.o
                0x08001468                SystemInit
 .text.BattementCoeur
                0x0800148c       0x3c ./Core/Src/systeme.o
                0x0800148c                BattementCoeur
 .text.DWT_Init
                0x080014c8       0x50 ./Core/Src/systeme.o
                0x080014c8                DWT_Init
 .text.get_time_us
                0x08001518       0x24 ./Core/Src/systeme.o
                0x08001518                get_time_us
 .text.MX_TIM1_Init
                0x0800153c      0x158 ./Core/Src/tim.o
                0x0800153c                MX_TIM1_Init
 .text.MX_TIM2_Init
                0x08001694       0xe8 ./Core/Src/tim.o
                0x08001694                MX_TIM2_Init
 .text.MX_TIM3_Init
                0x0800177c       0xe8 ./Core/Src/tim.o
                0x0800177c                MX_TIM3_Init
 .text.HAL_TIM_Base_MspInit
                0x08001864      0x134 ./Core/Src/tim.o
                0x08001864                HAL_TIM_Base_MspInit
 .text.HAL_TIM_MspPostInit
                0x08001998       0x74 ./Core/Src/tim.o
                0x08001998                HAL_TIM_MspPostInit
 .text.MX_USART2_UART_Init
                0x08001a0c       0x54 ./Core/Src/usart.o
                0x08001a0c                MX_USART2_UART_Init
 .text.HAL_UART_MspInit
                0x08001a60      0x104 ./Core/Src/usart.o
                0x08001a60                HAL_UART_MspInit
 .text.Reset_Handler
                0x08001b64       0x50 ./Core/Startup/startup_stm32f411ceux.o
                0x08001b64                Reset_Handler
 .text.Default_Handler
                0x08001bb4        0x2 ./Core/Startup/startup_stm32f411ceux.o
                0x08001bb4                RTC_Alarm_IRQHandler
                0x08001bb4                EXTI2_IRQHandler
                0x08001bb4                SPI4_IRQHandler
                0x08001bb4                TIM1_CC_IRQHandler
                0x08001bb4                DMA2_Stream5_IRQHandler
                0x08001bb4                PVD_IRQHandler
                0x08001bb4                SDIO_IRQHandler
                0x08001bb4                TAMP_STAMP_IRQHandler
                0x08001bb4                EXTI3_IRQHandler
                0x08001bb4                TIM1_UP_TIM10_IRQHandler
                0x08001bb4                I2C3_ER_IRQHandler
                0x08001bb4                EXTI0_IRQHandler
                0x08001bb4                I2C2_EV_IRQHandler
                0x08001bb4                DMA1_Stream2_IRQHandler
                0x08001bb4                FPU_IRQHandler
                0x08001bb4                DMA2_Stream2_IRQHandler
                0x08001bb4                SPI1_IRQHandler
                0x08001bb4                TIM1_BRK_TIM9_IRQHandler
                0x08001bb4                DMA2_Stream3_IRQHandler
                0x08001bb4                USART6_IRQHandler
                0x08001bb4                DMA2_Stream0_IRQHandler
                0x08001bb4                TIM4_IRQHandler
                0x08001bb4                I2C1_EV_IRQHandler
                0x08001bb4                DMA1_Stream6_IRQHandler
                0x08001bb4                DMA1_Stream1_IRQHandler
                0x08001bb4                RCC_IRQHandler
                0x08001bb4                Default_Handler
                0x08001bb4                EXTI15_10_IRQHandler
                0x08001bb4                ADC_IRQHandler
                0x08001bb4                DMA1_Stream7_IRQHandler
                0x08001bb4                SPI5_IRQHandler
                0x08001bb4                TIM5_IRQHandler
                0x08001bb4                DMA2_Stream7_IRQHandler
                0x08001bb4                I2C3_EV_IRQHandler
                0x08001bb4                EXTI9_5_IRQHandler
                0x08001bb4                RTC_WKUP_IRQHandler
                0x08001bb4                SPI2_IRQHandler
                0x08001bb4                DMA1_Stream0_IRQHandler
                0x08001bb4                EXTI4_IRQHandler
                0x08001bb4                WWDG_IRQHandler
                0x08001bb4                TIM2_IRQHandler
                0x08001bb4                OTG_FS_WKUP_IRQHandler
                0x08001bb4                TIM1_TRG_COM_TIM11_IRQHandler
                0x08001bb4                EXTI1_IRQHandler
                0x08001bb4                I2C2_ER_IRQHandler
                0x08001bb4                DMA2_Stream1_IRQHandler
                0x08001bb4                FLASH_IRQHandler
                0x08001bb4                DMA2_Stream4_IRQHandler
                0x08001bb4                USART1_IRQHandler
                0x08001bb4                SPI3_IRQHandler
                0x08001bb4                DMA1_Stream4_IRQHandler
                0x08001bb4                I2C1_ER_IRQHandler
                0x08001bb4                DMA2_Stream6_IRQHandler
                0x08001bb4                DMA1_Stream3_IRQHandler
 *fill*         0x08001bb6        0x2 
 .text.HAL_Init
                0x08001bb8       0x44 ./Drivers/STM32F4xx_HAL_Driver/Src/stm32f4xx_hal.o
                0x08001bb8                HAL_Init
 .text.HAL_InitTick
                0x08001bfc       0x60 ./Drivers/STM32F4xx_HAL_Driver/Src/stm32f4xx_hal.o
                0x08001bfc                HAL_InitTick
 .text.HAL_IncTick
                0x08001c5c       0x28 ./Drivers/STM32F4xx_HAL_Driver/Src/stm32f4xx_hal.o
                0x08001c5c                HAL_IncTick
 .text.HAL_GetTick
                0x08001c84       0x18 ./Drivers/STM32F4xx_HAL_Driver/Src/stm32f4xx_hal.o
                0x08001c84                HAL_GetTick
 .text.HAL_Delay
                0x08001c9c       0x48 ./Drivers/STM32F4xx_HAL_Driver/Src/stm32f4xx_hal.o
                0x08001c9c                HAL_Delay
 .text.__NVIC_SetPriorityGrouping
                0x08001ce4       0x48 ./Drivers/STM32F4xx_HAL_Driver/Src/stm32f4xx_hal_cortex.o
 .text.__NVIC_GetPriorityGrouping
                0x08001d2c       0x1c ./Drivers/STM32F4xx_HAL_Driver/Src/stm32f4xx_hal_cortex.o
 .text.__NVIC_EnableIRQ
                0x08001d48       0x3c ./Drivers/STM32F4xx_HAL_Driver/Src/stm32f4xx_hal_cortex.o
 .text.__NVIC_SetPriority
                0x08001d84       0x54 ./Drivers/STM32F4xx_HAL_Driver/Src/stm32f4xx_hal_cortex.o
 .text.NVIC_EncodePriority
                0x08001dd8       0x66 ./Drivers/STM32F4xx_HAL_Driver/Src/stm32f4xx_hal_cortex.o
 *fill*         0x08001e3e        0x2 
 .text.SysTick_Config
                0x08001e40       0x44 ./Drivers/STM32F4xx_HAL_Driver/Src/stm32f4xx_hal_cortex.o
 .text.HAL_NVIC_SetPriorityGrouping
                0x08001e84       0x16 ./Drivers/STM32F4xx_HAL_Driver/Src/stm32f4xx_hal_cortex.o
                0x08001e84                HAL_NVIC_SetPriorityGrouping
 .text.HAL_NVIC_SetPriority
                0x08001e9a       0x38 ./Drivers/STM32F4xx_HAL_Driver/Src/stm32f4xx_hal_cortex.o
                0x08001e9a                HAL_NVIC_SetPriority
 .text.HAL_NVIC_EnableIRQ
                0x08001ed2       0x1c ./Drivers/STM32F4xx_HAL_Driver/Src/stm32f4xx_hal_cortex.o
                0x08001ed2                HAL_NVIC_EnableIRQ
 .text.HAL_SYSTICK_Config
                0x08001eee       0x18 ./Drivers/STM32F4xx_HAL_Driver/Src/stm32f4xx_hal_cortex.o
                0x08001eee                HAL_SYSTICK_Config
 *fill*         0x08001f06        0x2 
 .text.HAL_DMA_Init
                0x08001f08      0x15c ./Drivers/STM32F4xx_HAL_Driver/Src/stm32f4xx_hal_dma.o
                0x08001f08                HAL_DMA_Init
 .text.HAL_DMA_Start_IT
                0x08002064       0xb0 ./Drivers/STM32F4xx_HAL_Driver/Src/stm32f4xx_hal_dma.o
                0x08002064                HAL_DMA_Start_IT
 .text.HAL_DMA_Abort
                0x08002114       0xe0 ./Drivers/STM32F4xx_HAL_Driver/Src/stm32f4xx_hal_dma.o
                0x08002114                HAL_DMA_Abort
 .text.HAL_DMA_Abort_IT
                0x080021f4       0x44 ./Drivers/STM32F4xx_HAL_Driver/Src/stm32f4xx_hal_dma.o
                0x080021f4                HAL_DMA_Abort_IT
 .text.HAL_DMA_IRQHandler
                0x08002238      0x314 ./Drivers/STM32F4xx_HAL_Driver/Src/stm32f4xx_hal_dma.o
                0x08002238                HAL_DMA_IRQHandler
 .text.DMA_SetConfig
                0x0800254c       0x5c ./Drivers/STM32F4xx_HAL_Driver/Src/stm32f4xx_hal_dma.o
 .text.DMA_CalcBaseAndBitshift
                0x080025a8       0x6c ./Drivers/STM32F4xx_HAL_Driver/Src/stm32f4xx_hal_dma.o
 .text.DMA_CheckFifoParam
                0x08002614       0xf8 ./Drivers/STM32F4xx_HAL_Driver/Src/stm32f4xx_hal_dma.o
 .text.HAL_GPIO_Init
                0x0800270c      0x308 ./Drivers/STM32F4xx_HAL_Driver/Src/stm32f4xx_hal_gpio.o
                0x0800270c                HAL_GPIO_Init
 .text.HAL_GPIO_WritePin
                0x08002a14       0x32 ./Drivers/STM32F4xx_HAL_Driver/Src/stm32f4xx_hal_gpio.o
                0x08002a14                HAL_GPIO_WritePin
 .text.HAL_GPIO_TogglePin
                0x08002a46       0x34 ./Drivers/STM32F4xx_HAL_Driver/Src/stm32f4xx_hal_gpio.o
                0x08002a46                HAL_GPIO_TogglePin
 *fill*         0x08002a7a        0x2 
 .text.HAL_I2C_Init
                0x08002a7c      0x288 ./Drivers/STM32F4xx_HAL_Driver/Src/stm32f4xx_hal_i2c.o
                0x08002a7c                HAL_I2C_Init
 .text.HAL_PCD_Init
                0x08002d04      0x21e ./Drivers/STM32F4xx_HAL_Driver/Src/stm32f4xx_hal_pcd.o
                0x08002d04                HAL_PCD_Init
 .text.HAL_PCD_Start
                0x08002f22       0x6a ./Drivers/STM32F4xx_HAL_Driver/Src/stm32f4xx_hal_pcd.o
                0x08002f22                HAL_PCD_Start
 .text.HAL_PCD_IRQHandler
                0x08002f8c      0x942 ./Drivers/STM32F4xx_HAL_Driver/Src/stm32f4xx_hal_pcd.o
                0x08002f8c                HAL_PCD_IRQHandler
 .text.HAL_PCD_SetAddress
                0x080038ce       0x48 ./Drivers/STM32F4xx_HAL_Driver/Src/stm32f4xx_hal_pcd.o
                0x080038ce                HAL_PCD_SetAddress
 .text.HAL_PCD_EP_Open
                0x08003916       0xd4 ./Drivers/STM32F4xx_HAL_Driver/Src/stm32f4xx_hal_pcd.o
                0x08003916                HAL_PCD_EP_Open
 .text.HAL_PCD_EP_Close
                0x080039ea       0x94 ./Drivers/STM32F4xx_HAL_Driver/Src/stm32f4xx_hal_pcd.o
                0x080039ea                HAL_PCD_EP_Close
 .text.HAL_PCD_EP_Receive
                0x08003a7e       0x76 ./Drivers/STM32F4xx_HAL_Driver/Src/stm32f4xx_hal_pcd.o
                0x08003a7e                HAL_PCD_EP_Receive
 .text.HAL_PCD_EP_GetRxCount
                0x08003af4       0x30 ./Drivers/STM32F4xx_HAL_Driver/Src/stm32f4xx_hal_pcd.o
                0x08003af4                HAL_PCD_EP_GetRxCount
 .text.HAL_PCD_EP_Transmit
                0x08003b24       0x74 ./Drivers/STM32F4xx_HAL_Driver/Src/stm32f4xx_hal_pcd.o
                0x08003b24                HAL_PCD_EP_Transmit
 .text.HAL_PCD_EP_SetStall
                0x08003b98       0xc6 ./Drivers/STM32F4xx_HAL_Driver/Src/stm32f4xx_hal_pcd.o
                0x08003b98                HAL_PCD_EP_SetStall
 .text.HAL_PCD_EP_ClrStall
                0x08003c5e       0xac ./Drivers/STM32F4xx_HAL_Driver/Src/stm32f4xx_hal_pcd.o
                0x08003c5e                HAL_PCD_EP_ClrStall
 .text.HAL_PCD_EP_Abort
                0x08003d0a       0x62 ./Drivers/STM32F4xx_HAL_Driver/Src/stm32f4xx_hal_pcd.o
                0x08003d0a                HAL_PCD_EP_Abort
 .text.PCD_WriteEmptyTxFifo
                0x08003d6c      0x118 ./Drivers/STM32F4xx_HAL_Driver/Src/stm32f4xx_hal_pcd.o
 .text.PCD_EP_OutXfrComplete_int
                0x08003e84      0x1d0 ./Drivers/STM32F4xx_HAL_Driver/Src/stm32f4xx_hal_pcd.o
 .text.PCD_EP_OutSetupPacket_int
                0x08004054       0x8c ./Drivers/STM32F4xx_HAL_Driver/Src/stm32f4xx_hal_pcd.o
 .text.HAL_PCDEx_SetTxFiFo
                0x080040e0       0x8e ./Drivers/STM32F4xx_HAL_Driver/Src/stm32f4xx_hal_pcd_ex.o
                0x080040e0                HAL_PCDEx_SetTxFiFo
 .text.HAL_PCDEx_SetRxFiFo
                0x0800416e       0x22 ./Drivers/STM32F4xx_HAL_Driver/Src/stm32f4xx_hal_pcd_ex.o
                0x0800416e                HAL_PCDEx_SetRxFiFo
 .text.HAL_PCDEx_LPM_Callback
                0x08004190       0x18 ./Drivers/STM32F4xx_HAL_Driver/Src/stm32f4xx_hal_pcd_ex.o
                0x08004190                HAL_PCDEx_LPM_Callback
 .text.HAL_RCC_OscConfig
                0x080041a8      0x4f0 ./Drivers/STM32F4xx_HAL_Driver/Src/stm32f4xx_hal_rcc.o
                0x080041a8                HAL_RCC_OscConfig
 .text.HAL_RCC_ClockConfig
                0x08004698      0x1cc ./Drivers/STM32F4xx_HAL_Driver/Src/stm32f4xx_hal_rcc.o
                0x08004698                HAL_RCC_ClockConfig
 .text.HAL_RCC_GetSysClockFreq
                0x08004864      0x188 ./Drivers/STM32F4xx_HAL_Driver/Src/stm32f4xx_hal_rcc.o
                0x08004864                HAL_RCC_GetSysClockFreq
 .text.HAL_RCC_GetHCLKFreq
                0x080049ec       0x18 ./Drivers/STM32F4xx_HAL_Driver/Src/stm32f4xx_hal_rcc.o
                0x080049ec                HAL_RCC_GetHCLKFreq
 .text.HAL_RCC_GetPCLK1Freq
                0x08004a04       0x28 ./Drivers/STM32F4xx_HAL_Driver/Src/stm32f4xx_hal_rcc.o
                0x08004a04                HAL_RCC_GetPCLK1Freq
 .text.HAL_RCC_GetPCLK2Freq
                0x08004a2c       0x28 ./Drivers/STM32F4xx_HAL_Driver/Src/stm32f4xx_hal_rcc.o
                0x08004a2c                HAL_RCC_GetPCLK2Freq
 .text.HAL_SPI_Init
                0x08004a54      0x112 ./Drivers/STM32F4xx_HAL_Driver/Src/stm32f4xx_hal_spi.o
                0x08004a54                HAL_SPI_Init
 .text.HAL_TIM_Base_Init
                0x08004b66       0x9e ./Drivers/STM32F4xx_HAL_Driver/Src/stm32f4xx_hal_tim.o
                0x08004b66                HAL_TIM_Base_Init
 .text.HAL_TIM_Base_Start
                0x08004c04       0xb4 ./Drivers/STM32F4xx_HAL_Driver/Src/stm32f4xx_hal_tim.o
                0x08004c04                HAL_TIM_Base_Start
 .text.HAL_TIM_Base_Start_IT
                0x08004cb8       0xc4 ./Drivers/STM32F4xx_HAL_Driver/Src/stm32f4xx_hal_tim.o
                0x08004cb8                HAL_TIM_Base_Start_IT
 .text.HAL_TIM_PWM_Init
                0x08004d7c       0x9e ./Drivers/STM32F4xx_HAL_Driver/Src/stm32f4xx_hal_tim.o
                0x08004d7c                HAL_TIM_PWM_Init
 .text.HAL_TIM_PWM_MspInit
                0x08004e1a       0x14 ./Drivers/STM32F4xx_HAL_Driver/Src/stm32f4xx_hal_tim.o
                0x08004e1a                HAL_TIM_PWM_MspInit
 *fill*         0x08004e2e        0x2 
 .text.HAL_TIM_PWM_Start
                0x08004e30      0x160 ./Drivers/STM32F4xx_HAL_Driver/Src/stm32f4xx_hal_tim.o
                0x08004e30                HAL_TIM_PWM_Start
 .text.HAL_TIM_IC_Init
                0x08004f90       0x9e ./Drivers/STM32F4xx_HAL_Driver/Src/stm32f4xx_hal_tim.o
                0x08004f90                HAL_TIM_IC_Init
 .text.HAL_TIM_IC_MspInit
                0x0800502e       0x14 ./Drivers/STM32F4xx_HAL_Driver/Src/stm32f4xx_hal_tim.o
                0x0800502e                HAL_TIM_IC_MspInit
 .text.HAL_TIM_IRQHandler
                0x08005042      0x1e0 ./Drivers/STM32F4xx_HAL_Driver/Src/stm32f4xx_hal_tim.o
                0x08005042                HAL_TIM_IRQHandler
 .text.HAL_TIM_IC_ConfigChannel
                0x08005222      0x138 ./Drivers/STM32F4xx_HAL_Driver/Src/stm32f4xx_hal_tim.o
                0x08005222                HAL_TIM_IC_ConfigChannel
 *fill*         0x0800535a        0x2 
 .text.HAL_TIM_PWM_ConfigChannel
                0x0800535c      0x184 ./Drivers/STM32F4xx_HAL_Driver/Src/stm32f4xx_hal_tim.o
                0x0800535c                HAL_TIM_PWM_ConfigChannel
 .text.HAL_TIM_ConfigClockSource
                0x080054e0      0x18e ./Drivers/STM32F4xx_HAL_Driver/Src/stm32f4xx_hal_tim.o
                0x080054e0                HAL_TIM_ConfigClockSource
 .text.HAL_TIM_SlaveConfigSynchro
                0x0800566e       0x84 ./Drivers/STM32F4xx_HAL_Driver/Src/stm32f4xx_hal_tim.o
                0x0800566e                HAL_TIM_SlaveConfigSynchro
 .text.HAL_TIM_OC_DelayElapsedCallback
                0x080056f2       0x14 ./Drivers/STM32F4xx_HAL_Driver/Src/stm32f4xx_hal_tim.o
                0x080056f2                HAL_TIM_OC_DelayElapsedCallback
 .text.HAL_TIM_IC_CaptureCallback
                0x08005706       0x14 ./Drivers/STM32F4xx_HAL_Driver/Src/stm32f4xx_hal_tim.o
                0x08005706                HAL_TIM_IC_CaptureCallback
 .text.HAL_TIM_PWM_PulseFinishedCallback
                0x0800571a       0x14 ./Drivers/STM32F4xx_HAL_Driver/Src/stm32f4xx_hal_tim.o
                0x0800571a                HAL_TIM_PWM_PulseFinishedCallback
 .text.HAL_TIM_TriggerCallback
                0x0800572e       0x14 ./Drivers/STM32F4xx_HAL_Driver/Src/stm32f4xx_hal_tim.o
                0x0800572e                HAL_TIM_TriggerCallback
 *fill*         0x08005742        0x2 
 .text.TIM_Base_SetConfig
                0x08005744      0x10c ./Drivers/STM32F4xx_HAL_Driver/Src/stm32f4xx_hal_tim.o
                0x08005744                TIM_Base_SetConfig
 .text.TIM_OC1_SetConfig
                0x08005850       0xcc ./Drivers/STM32F4xx_HAL_Driver/Src/stm32f4xx_hal_tim.o
 .text.TIM_OC2_SetConfig
                0x0800591c       0xd8 ./Drivers/STM32F4xx_HAL_Driver/Src/stm32f4xx_hal_tim.o
                0x0800591c                TIM_OC2_SetConfig
 .text.TIM_OC3_SetConfig
                0x080059f4       0xd4 ./Drivers/STM32F4xx_HAL_Driver/Src/stm32f4xx_hal_tim.o
 .text.TIM_OC4_SetConfig
                0x08005ac8       0xa0 ./Drivers/STM32F4xx_HAL_Driver/Src/stm32f4xx_hal_tim.o
 .text.TIM_SlaveTimer_SetConfig
                0x08005b68      0x122 ./Drivers/STM32F4xx_HAL_Driver/Src/stm32f4xx_hal_tim.o
 *fill*         0x08005c8a        0x2 
 .text.TIM_TI1_SetConfig
                0x08005c8c       0xd0 ./Drivers/STM32F4xx_HAL_Driver/Src/stm32f4xx_hal_tim.o
                0x08005c8c                TIM_TI1_SetConfig
 .text.TIM_TI1_ConfigInputStage
                0x08005d5c       0x5e ./Drivers/STM32F4xx_HAL_Driver/Src/stm32f4xx_hal_tim.o
 .text.TIM_TI2_SetConfig
                0x08005dba       0x7a ./Drivers/STM32F4xx_HAL_Driver/Src/stm32f4xx_hal_tim.o
 .text.TIM_TI2_ConfigInputStage
                0x08005e34       0x60 ./Drivers/STM32F4xx_HAL_Driver/Src/stm32f4xx_hal_tim.o
 .text.TIM_TI3_SetConfig
                0x08005e94       0x78 ./Drivers/STM32F4xx_HAL_Driver/Src/stm32f4xx_hal_tim.o
 .text.TIM_TI4_SetConfig
                0x08005f0c       0x7a ./Drivers/STM32F4xx_HAL_Driver/Src/stm32f4xx_hal_tim.o
 .text.TIM_ITRx_SetConfig
                0x08005f86       0x36 ./Drivers/STM32F4xx_HAL_Driver/Src/stm32f4xx_hal_tim.o
 .text.TIM_ETR_SetConfig
                0x08005fbc       0x40 ./Drivers/STM32F4xx_HAL_Driver/Src/stm32f4xx_hal_tim.o
                0x08005fbc                TIM_ETR_SetConfig
 .text.TIM_CCxChannelCmd
                0x08005ffc       0x4a ./Drivers/STM32F4xx_HAL_Driver/Src/stm32f4xx_hal_tim.o
                0x08005ffc                TIM_CCxChannelCmd
 *fill*         0x08006046        0x2 
 .text.HAL_TIMEx_MasterConfigSynchronization
                0x08006048       0xdc ./Drivers/STM32F4xx_HAL_Driver/Src/stm32f4xx_hal_tim_ex.o
                0x08006048                HAL_TIMEx_MasterConfigSynchronization
 .text.HAL_TIMEx_ConfigBreakDeadTime
                0x08006124       0xa4 ./Drivers/STM32F4xx_HAL_Driver/Src/stm32f4xx_hal_tim_ex.o
                0x08006124                HAL_TIMEx_ConfigBreakDeadTime
 .text.HAL_TIMEx_CommutCallback
                0x080061c8       0x14 ./Drivers/STM32F4xx_HAL_Driver/Src/stm32f4xx_hal_tim_ex.o
                0x080061c8                HAL_TIMEx_CommutCallback
 .text.HAL_TIMEx_BreakCallback
                0x080061dc       0x14 ./Drivers/STM32F4xx_HAL_Driver/Src/stm32f4xx_hal_tim_ex.o
                0x080061dc                HAL_TIMEx_BreakCallback
 .text.HAL_UART_Init
                0x080061f0       0xa0 ./Drivers/STM32F4xx_HAL_Driver/Src/stm32f4xx_hal_uart.o
                0x080061f0                HAL_UART_Init
 .text.HAL_UART_Receive_DMA
                0x08006290       0x4a ./Drivers/STM32F4xx_HAL_Driver/Src/stm32f4xx_hal_uart.o
                0x08006290                HAL_UART_Receive_DMA
 *fill*         0x080062da        0x2 
 .text.HAL_UART_IRQHandler
                0x080062dc      0x554 ./Drivers/STM32F4xx_HAL_Driver/Src/stm32f4xx_hal_uart.o
                0x080062dc                HAL_UART_IRQHandler
 .text.HAL_UART_TxCpltCallback
                0x08006830       0x14 ./Drivers/STM32F4xx_HAL_Driver/Src/stm32f4xx_hal_uart.o
                0x08006830                HAL_UART_TxCpltCallback
 .text.HAL_UART_RxCpltCallback
                0x08006844       0x14 ./Drivers/STM32F4xx_HAL_Driver/Src/stm32f4xx_hal_uart.o
                0x08006844                HAL_UART_RxCpltCallback
 .text.HAL_UART_RxHalfCpltCallback
                0x08006858       0x14 ./Drivers/STM32F4xx_HAL_Driver/Src/stm32f4xx_hal_uart.o
                0x08006858                HAL_UART_RxHalfCpltCallback
 .text.HAL_UART_ErrorCallback
                0x0800686c       0x14 ./Drivers/STM32F4xx_HAL_Driver/Src/stm32f4xx_hal_uart.o
                0x0800686c                HAL_UART_ErrorCallback
 .text.HAL_UARTEx_RxEventCallback
                0x08006880       0x18 ./Drivers/STM32F4xx_HAL_Driver/Src/stm32f4xx_hal_uart.o
                0x08006880                HAL_UARTEx_RxEventCallback
 .text.UART_DMAReceiveCplt
                0x08006898      0x12c ./Drivers/STM32F4xx_HAL_Driver/Src/stm32f4xx_hal_uart.o
 .text.UART_DMARxHalfCplt
                0x080069c4       0x3c ./Drivers/STM32F4xx_HAL_Driver/Src/stm32f4xx_hal_uart.o
 .text.UART_DMAError
                0x08006a00       0x94 ./Drivers/STM32F4xx_HAL_Driver/Src/stm32f4xx_hal_uart.o
 .text.UART_Start_Receive_DMA
                0x08006a94      0x14c ./Drivers/STM32F4xx_HAL_Driver/Src/stm32f4xx_hal_uart.o
                0x08006a94                UART_Start_Receive_DMA
 .text.UART_EndTxTransfer
                0x08006be0       0x50 ./Drivers/STM32F4xx_HAL_Driver/Src/stm32f4xx_hal_uart.o
 .text.UART_EndRxTransfer
                0x08006c30       0xc6 ./Drivers/STM32F4xx_HAL_Driver/Src/stm32f4xx_hal_uart.o
 .text.UART_DMAAbortOnError
                0x08006cf6       0x22 ./Drivers/STM32F4xx_HAL_Driver/Src/stm32f4xx_hal_uart.o
 .text.UART_Transmit_IT
                0x08006d18       0xa0 ./Drivers/STM32F4xx_HAL_Driver/Src/stm32f4xx_hal_uart.o
 .text.UART_EndTransmit_IT
                0x08006db8       0x30 ./Drivers/STM32F4xx_HAL_Driver/Src/stm32f4xx_hal_uart.o
 .text.UART_Receive_IT
                0x08006de8      0x17c ./Drivers/STM32F4xx_HAL_Driver/Src/stm32f4xx_hal_uart.o
 .text.UART_SetConfig
                0x08006f64      0x4e8 ./Drivers/STM32F4xx_HAL_Driver/Src/stm32f4xx_hal_uart.o
 .text.USB_CoreInit
                0x0800744c       0xc8 ./Drivers/STM32F4xx_HAL_Driver/Src/stm32f4xx_ll_usb.o
                0x0800744c                USB_CoreInit
 .text.USB_SetTurnaroundTime
                0x08007514      0x144 ./Drivers/STM32F4xx_HAL_Driver/Src/stm32f4xx_ll_usb.o
                0x08007514                USB_SetTurnaroundTime
 .text.USB_EnableGlobalInt
                0x08007658       0x22 ./Drivers/STM32F4xx_HAL_Driver/Src/stm32f4xx_ll_usb.o
                0x08007658                USB_EnableGlobalInt
 .text.USB_DisableGlobalInt
                0x0800767a       0x22 ./Drivers/STM32F4xx_HAL_Driver/Src/stm32f4xx_ll_usb.o
                0x0800767a                USB_DisableGlobalInt
 .text.USB_SetCurrentMode
                0x0800769c       0x98 ./Drivers/STM32F4xx_HAL_Driver/Src/stm32f4xx_ll_usb.o
                0x0800769c                USB_SetCurrentMode
 .text.USB_DevInit
                0x08007734      0x2c8 ./Drivers/STM32F4xx_HAL_Driver/Src/stm32f4xx_ll_usb.o
                0x08007734                USB_DevInit
 .text.USB_FlushTxFifo
                0x080079fc       0x64 ./Drivers/STM32F4xx_HAL_Driver/Src/stm32f4xx_ll_usb.o
                0x080079fc                USB_FlushTxFifo
 .text.USB_FlushRxFifo
                0x08007a60       0x5c ./Drivers/STM32F4xx_HAL_Driver/Src/stm32f4xx_ll_usb.o
                0x08007a60                USB_FlushRxFifo
 .text.USB_SetDevSpeed
                0x08007abc       0x32 ./Drivers/STM32F4xx_HAL_Driver/Src/stm32f4xx_ll_usb.o
                0x08007abc                USB_SetDevSpeed
 .text.USB_GetDevSpeed
                0x08007aee       0x4a ./Drivers/STM32F4xx_HAL_Driver/Src/stm32f4xx_ll_usb.o
                0x08007aee                USB_GetDevSpeed
 .text.USB_ActivateEndpoint
                0x08007b38      0x10e ./Drivers/STM32F4xx_HAL_Driver/Src/stm32f4xx_ll_usb.o
                0x08007b38                USB_ActivateEndpoint
 *fill*         0x08007c46        0x2 
 .text.USB_DeactivateEndpoint
                0x08007c48      0x1b8 ./Drivers/STM32F4xx_HAL_Driver/Src/stm32f4xx_ll_usb.o
                0x08007c48                USB_DeactivateEndpoint
 .text.USB_EPStartXfer
                0x08007e00      0x53c ./Drivers/STM32F4xx_HAL_Driver/Src/stm32f4xx_ll_usb.o
                0x08007e00                USB_EPStartXfer
 .text.USB_EPStopXfer
                0x0800833c      0x154 ./Drivers/STM32F4xx_HAL_Driver/Src/stm32f4xx_ll_usb.o
                0x0800833c                USB_EPStopXfer
 .text.USB_WritePacket
                0x08008490       0x7c ./Drivers/STM32F4xx_HAL_Driver/Src/stm32f4xx_ll_usb.o
                0x08008490                USB_WritePacket
 .text.USB_ReadPacket
                0x0800850c       0xb0 ./Drivers/STM32F4xx_HAL_Driver/Src/stm32f4xx_ll_usb.o
                0x0800850c                USB_ReadPacket
 .text.USB_EPSetStall
                0x080085bc       0xdc ./Drivers/STM32F4xx_HAL_Driver/Src/stm32f4xx_ll_usb.o
                0x080085bc                USB_EPSetStall
 .text.USB_EPClearStall
                0x08008698       0xcc ./Drivers/STM32F4xx_HAL_Driver/Src/stm32f4xx_ll_usb.o
                0x08008698                USB_EPClearStall
 .text.USB_SetDevAddress
                0x08008764       0x4c ./Drivers/STM32F4xx_HAL_Driver/Src/stm32f4xx_ll_usb.o
                0x08008764                USB_SetDevAddress
 .text.USB_DevConnect
                0x080087b0       0x42 ./Drivers/STM32F4xx_HAL_Driver/Src/stm32f4xx_ll_usb.o
                0x080087b0                USB_DevConnect
 .text.USB_DevDisconnect
                0x080087f2       0x42 ./Drivers/STM32F4xx_HAL_Driver/Src/stm32f4xx_ll_usb.o
                0x080087f2                USB_DevDisconnect
 .text.USB_ReadInterrupts
                0x08008834       0x26 ./Drivers/STM32F4xx_HAL_Driver/Src/stm32f4xx_ll_usb.o
                0x08008834                USB_ReadInterrupts
 .text.USB_ReadDevAllOutEpInterrupt
                0x0800885a       0x34 ./Drivers/STM32F4xx_HAL_Driver/Src/stm32f4xx_ll_usb.o
                0x0800885a                USB_ReadDevAllOutEpInterrupt
 .text.USB_ReadDevAllInEpInterrupt
                0x0800888e       0x34 ./Drivers/STM32F4xx_HAL_Driver/Src/stm32f4xx_ll_usb.o
                0x0800888e                USB_ReadDevAllInEpInterrupt
 .text.USB_ReadDevOutEPInterrupt
                0x080088c2       0x3c ./Drivers/STM32F4xx_HAL_Driver/Src/stm32f4xx_ll_usb.o
                0x080088c2                USB_ReadDevOutEPInterrupt
 .text.USB_ReadDevInEPInterrupt
                0x080088fe       0x5c ./Drivers/STM32F4xx_HAL_Driver/Src/stm32f4xx_ll_usb.o
                0x080088fe                USB_ReadDevInEPInterrupt
 .text.USB_GetMode
                0x0800895a       0x1c ./Drivers/STM32F4xx_HAL_Driver/Src/stm32f4xx_ll_usb.o
                0x0800895a                USB_GetMode
 .text.USB_ActivateSetup
                0x08008976       0x46 ./Drivers/STM32F4xx_HAL_Driver/Src/stm32f4xx_ll_usb.o
                0x08008976                USB_ActivateSetup
 .text.USB_EP0_OutStart
                0x080089bc       0xbc ./Drivers/STM32F4xx_HAL_Driver/Src/stm32f4xx_ll_usb.o
                0x080089bc                USB_EP0_OutStart
 .text.USB_CoreReset
                0x08008a78       0x70 ./Drivers/STM32F4xx_HAL_Driver/Src/stm32f4xx_ll_usb.o
 .text.USBD_CDC_Init
                0x08008ae8      0x1f0 ./Middlewares/ST/STM32_USB_Device_Library/Class/CDC/Src/usbd_cdc.o
 .text.USBD_CDC_DeInit
                0x08008cd8      0x104 ./Middlewares/ST/STM32_USB_Device_Library/Class/CDC/Src/usbd_cdc.o
 .text.USBD_CDC_Setup
                0x08008ddc      0x1b8 ./Middlewares/ST/STM32_USB_Device_Library/Class/CDC/Src/usbd_cdc.o
 .text.USBD_CDC_DataIn
                0x08008f94       0xfe ./Middlewares/ST/STM32_USB_Device_Library/Class/CDC/Src/usbd_cdc.o
 .text.USBD_CDC_DataOut
                0x08009092       0x70 ./Middlewares/ST/STM32_USB_Device_Library/Class/CDC/Src/usbd_cdc.o
 .text.USBD_CDC_EP0_RxReady
                0x08009102       0x74 ./Middlewares/ST/STM32_USB_Device_Library/Class/CDC/Src/usbd_cdc.o
 *fill*         0x08009176        0x2 
 .text.USBD_CDC_GetFSCfgDesc
                0x08009178       0x70 ./Middlewares/ST/STM32_USB_Device_Library/Class/CDC/Src/usbd_cdc.o
 .text.USBD_CDC_GetHSCfgDesc
                0x080091e8       0x70 ./Middlewares/ST/STM32_USB_Device_Library/Class/CDC/Src/usbd_cdc.o
 .text.USBD_CDC_GetOtherSpeedCfgDesc
                0x08009258       0x70 ./Middlewares/ST/STM32_USB_Device_Library/Class/CDC/Src/usbd_cdc.o
 .text.USBD_CDC_GetDeviceQualifierDescriptor
                0x080092c8       0x20 ./Middlewares/ST/STM32_USB_Device_Library/Class/CDC/Src/usbd_cdc.o
                0x080092c8                USBD_CDC_GetDeviceQualifierDescriptor
 .text.USBD_CDC_RegisterInterface
                0x080092e8       0x34 ./Middlewares/ST/STM32_USB_Device_Library/Class/CDC/Src/usbd_cdc.o
                0x080092e8                USBD_CDC_RegisterInterface
 .text.USBD_CDC_SetTxBuffer
                0x0800931c       0x44 ./Middlewares/ST/STM32_USB_Device_Library/Class/CDC/Src/usbd_cdc.o
                0x0800931c                USBD_CDC_SetTxBuffer
 .text.USBD_CDC_SetRxBuffer
                0x08009360       0x3a ./Middlewares/ST/STM32_USB_Device_Library/Class/CDC/Src/usbd_cdc.o
                0x08009360                USBD_CDC_SetRxBuffer
 *fill*         0x0800939a        0x2 
 .text.USBD_CDC_TransmitPacket
                0x0800939c       0x80 ./Middlewares/ST/STM32_USB_Device_Library/Class/CDC/Src/usbd_cdc.o
                0x0800939c                USBD_CDC_TransmitPacket
 .text.USBD_CDC_ReceivePacket
                0x0800941c       0x6c ./Middlewares/ST/STM32_USB_Device_Library/Class/CDC/Src/usbd_cdc.o
                0x0800941c                USBD_CDC_ReceivePacket
 .text.USBD_Init
                0x08009488       0x60 ./Middlewares/ST/STM32_USB_Device_Library/Core/Src/usbd_core.o
                0x08009488                USBD_Init
 .text.USBD_RegisterClass
                0x080094e8       0x6c ./Middlewares/ST/STM32_USB_Device_Library/Core/Src/usbd_core.o
                0x080094e8                USBD_RegisterClass
 .text.USBD_Start
                0x08009554       0x18 ./Middlewares/ST/STM32_USB_Device_Library/Core/Src/usbd_core.o
                0x08009554                USBD_Start
 .text.USBD_RunTestMode
                0x0800956c       0x16 ./Middlewares/ST/STM32_USB_Device_Library/Core/Src/usbd_core.o
                0x0800956c                USBD_RunTestMode
 .text.USBD_SetClassConfig
                0x08009582       0x38 ./Middlewares/ST/STM32_USB_Device_Library/Core/Src/usbd_core.o
                0x08009582                USBD_SetClassConfig
 .text.USBD_ClrClassConfig
                0x080095ba       0x34 ./Middlewares/ST/STM32_USB_Device_Library/Core/Src/usbd_core.o
                0x080095ba                USBD_ClrClassConfig
 .text.USBD_LL_SetupStage
                0x080095ee       0xaa ./Middlewares/ST/STM32_USB_Device_Library/Core/Src/usbd_core.o
                0x080095ee                USBD_LL_SetupStage
 .text.USBD_LL_DataOutStage
                0x08009698      0x178 ./Middlewares/ST/STM32_USB_Device_Library/Core/Src/usbd_core.o
                0x08009698                USBD_LL_DataOutStage
 .text.USBD_LL_DataInStage
                0x08009810      0x176 ./Middlewares/ST/STM32_USB_Device_Library/Core/Src/usbd_core.o
                0x08009810                USBD_LL_DataInStage
 .text.USBD_LL_Reset
                0x08009986       0xa6 ./Middlewares/ST/STM32_USB_Device_Library/Core/Src/usbd_core.o
                0x08009986                USBD_LL_Reset
 .text.USBD_LL_SetSpeed
                0x08009a2c       0x20 ./Middlewares/ST/STM32_USB_Device_Library/Core/Src/usbd_core.o
                0x08009a2c                USBD_LL_SetSpeed
 .text.USBD_LL_Suspend
                0x08009a4c       0x38 ./Middlewares/ST/STM32_USB_Device_Library/Core/Src/usbd_core.o
                0x08009a4c                USBD_LL_Suspend
 .text.USBD_LL_Resume
                0x08009a84       0x30 ./Middlewares/ST/STM32_USB_Device_Library/Core/Src/usbd_core.o
                0x08009a84                USBD_LL_Resume
 .text.USBD_LL_SOF
                0x08009ab4       0x40 ./Middlewares/ST/STM32_USB_Device_Library/Core/Src/usbd_core.o
                0x08009ab4                USBD_LL_SOF
 .text.USBD_LL_IsoINIncomplete
                0x08009af4       0x64 ./Middlewares/ST/STM32_USB_Device_Library/Core/Src/usbd_core.o
                0x08009af4                USBD_LL_IsoINIncomplete
 .text.USBD_LL_IsoOUTIncomplete
                0x08009b58       0x64 ./Middlewares/ST/STM32_USB_Device_Library/Core/Src/usbd_core.o
                0x08009b58                USBD_LL_IsoOUTIncomplete
 .text.USBD_LL_DevConnected
                0x08009bbc       0x16 ./Middlewares/ST/STM32_USB_Device_Library/Core/Src/usbd_core.o
                0x08009bbc                USBD_LL_DevConnected
 .text.USBD_LL_DevDisconnected
                0x08009bd2       0x46 ./Middlewares/ST/STM32_USB_Device_Library/Core/Src/usbd_core.o
                0x08009bd2                USBD_LL_DevDisconnected
 .text.USBD_CoreFindIF
                0x08009c18       0x1a ./Middlewares/ST/STM32_USB_Device_Library/Core/Src/usbd_core.o
                0x08009c18                USBD_CoreFindIF
 .text.USBD_CoreFindEP
                0x08009c32       0x1a ./Middlewares/ST/STM32_USB_Device_Library/Core/Src/usbd_core.o
                0x08009c32                USBD_CoreFindEP
 .text.USBD_GetEpDesc
                0x08009c4c       0x70 ./Middlewares/ST/STM32_USB_Device_Library/Core/Src/usbd_core.o
                0x08009c4c                USBD_GetEpDesc
 .text.USBD_GetNextDesc
                0x08009cbc       0x38 ./Middlewares/ST/STM32_USB_Device_Library/Core/Src/usbd_core.o
                0x08009cbc                USBD_GetNextDesc
 .text.SWAPBYTE
                0x08009cf4       0x3e ./Middlewares/ST/STM32_USB_Device_Library/Core/Src/usbd_ctlreq.o
 *fill*         0x08009d32        0x2 
 .text.USBD_StdDevReq
                0x08009d34       0xe4 ./Middlewares/ST/STM32_USB_Device_Library/Core/Src/usbd_ctlreq.o
                0x08009d34                USBD_StdDevReq
 .text.USBD_StdItfReq
                0x08009e18       0xd8 ./Middlewares/ST/STM32_USB_Device_Library/Core/Src/usbd_ctlreq.o
                0x08009e18                USBD_StdItfReq
 .text.USBD_StdEPReq
                0x08009ef0      0x33e ./Middlewares/ST/STM32_USB_Device_Library/Core/Src/usbd_ctlreq.o
                0x08009ef0                USBD_StdEPReq
 *fill*         0x0800a22e        0x2 
 .text.USBD_GetDescriptor
                0x0800a230      0x2d4 ./Middlewares/ST/STM32_USB_Device_Library/Core/Src/usbd_ctlreq.o
 .text.USBD_SetAddress
                0x0800a504       0x88 ./Middlewares/ST/STM32_USB_Device_Library/Core/Src/usbd_ctlreq.o
 .text.USBD_SetConfig
                0x0800a58c      0x154 ./Middlewares/ST/STM32_USB_Device_Library/Core/Src/usbd_ctlreq.o
 .text.USBD_GetConfig
                0x0800a6e0       0x6c ./Middlewares/ST/STM32_USB_Device_Library/Core/Src/usbd_ctlreq.o
 .text.USBD_GetStatus
                0x0800a74c       0x68 ./Middlewares/ST/STM32_USB_Device_Library/Core/Src/usbd_ctlreq.o
 .text.USBD_SetFeature
                0x0800a7b4       0x52 ./Middlewares/ST/STM32_USB_Device_Library/Core/Src/usbd_ctlreq.o
 .text.USBD_ClrFeature
                0x0800a806       0x44 ./Middlewares/ST/STM32_USB_Device_Library/Core/Src/usbd_ctlreq.o
 .text.USBD_ParseSetupRequest
                0x0800a84a       0x74 ./Middlewares/ST/STM32_USB_Device_Library/Core/Src/usbd_ctlreq.o
                0x0800a84a                USBD_ParseSetupRequest
 .text.USBD_CtlError
                0x0800a8be       0x22 ./Middlewares/ST/STM32_USB_Device_Library/Core/Src/usbd_ctlreq.o
                0x0800a8be                USBD_CtlError
 .text.USBD_GetString
                0x0800a8e0       0xa4 ./Middlewares/ST/STM32_USB_Device_Library/Core/Src/usbd_ctlreq.o
                0x0800a8e0                USBD_GetString
 .text.USBD_GetLen
                0x0800a984       0x34 ./Middlewares/ST/STM32_USB_Device_Library/Core/Src/usbd_ctlreq.o
 .text.USBD_CtlSendData
                0x0800a9b8       0x3c ./Middlewares/ST/STM32_USB_Device_Library/Core/Src/usbd_ioreq.o
                0x0800a9b8                USBD_CtlSendData
 .text.USBD_CtlContinueSendData
                0x0800a9f4       0x22 ./Middlewares/ST/STM32_USB_Device_Library/Core/Src/usbd_ioreq.o
                0x0800a9f4                USBD_CtlContinueSendData
 .text.USBD_CtlPrepareRx
                0x0800aa16       0x42 ./Middlewares/ST/STM32_USB_Device_Library/Core/Src/usbd_ioreq.o
                0x0800aa16                USBD_CtlPrepareRx
 .text.USBD_CtlContinueRx
                0x0800aa58       0x22 ./Middlewares/ST/STM32_USB_Device_Library/Core/Src/usbd_ioreq.o
                0x0800aa58                USBD_CtlContinueRx
 .text.USBD_CtlSendStatus
                0x0800aa7a       0x26 ./Middlewares/ST/STM32_USB_Device_Library/Core/Src/usbd_ioreq.o
                0x0800aa7a                USBD_CtlSendStatus
 .text.USBD_CtlReceiveStatus
                0x0800aaa0       0x26 ./Middlewares/ST/STM32_USB_Device_Library/Core/Src/usbd_ioreq.o
                0x0800aaa0                USBD_CtlReceiveStatus
 *fill*         0x0800aac6        0x2 
 .text.MX_USB_DEVICE_Init
                0x0800aac8       0x60 ./USB_DEVICE/App/usb_device.o
                0x0800aac8                MX_USB_DEVICE_Init
 .text.CDC_Init_FS
                0x0800ab28       0x28 ./USB_DEVICE/App/usbd_cdc_if.o
 .text.CDC_DeInit_FS
                0x0800ab50       0x10 ./USB_DEVICE/App/usbd_cdc_if.o
 .text.CDC_Control_FS
                0x0800ab60       0xbc ./USB_DEVICE/App/usbd_cdc_if.o
 .text.CDC_Receive_FS
                0x0800ac1c       0x34 ./USB_DEVICE/App/usbd_cdc_if.o
 .text.CDC_Transmit_FS
                0x0800ac50       0x4c ./USB_DEVICE/App/usbd_cdc_if.o
                0x0800ac50                CDC_Transmit_FS
 .text.CDC_TransmitCplt_FS
                0x0800ac9c       0x22 ./USB_DEVICE/App/usbd_cdc_if.o
 *fill*         0x0800acbe        0x2 
 .text.USBD_FS_DeviceDescriptor
                0x0800acc0       0x24 ./USB_DEVICE/App/usbd_desc.o
                0x0800acc0                USBD_FS_DeviceDescriptor
 .text.USBD_FS_LangIDStrDescriptor
                0x0800ace4       0x24 ./USB_DEVICE/App/usbd_desc.o
                0x0800ace4                USBD_FS_LangIDStrDescriptor
 .text.USBD_FS_ProductStrDescriptor
                0x0800ad08       0x3c ./USB_DEVICE/App/usbd_desc.o
                0x0800ad08                USBD_FS_ProductStrDescriptor
 .text.USBD_FS_ManufacturerStrDescriptor
                0x0800ad44       0x28 ./USB_DEVICE/App/usbd_desc.o
                0x0800ad44                USBD_FS_ManufacturerStrDescriptor
 .text.USBD_FS_SerialStrDescriptor
                0x0800ad6c       0x24 ./USB_DEVICE/App/usbd_desc.o
                0x0800ad6c                USBD_FS_SerialStrDescriptor
 .text.USBD_FS_ConfigStrDescriptor
                0x0800ad90       0x3c ./USB_DEVICE/App/usbd_desc.o
                0x0800ad90                USBD_FS_ConfigStrDescriptor
 .text.USBD_FS_InterfaceStrDescriptor
                0x0800adcc       0x3c ./USB_DEVICE/App/usbd_desc.o
                0x0800adcc                USBD_FS_InterfaceStrDescriptor
 .text.Get_SerialNum
                0x0800ae08       0x58 ./USB_DEVICE/App/usbd_desc.o
 .text.IntToUnicode
                0x0800ae60       0x7e ./USB_DEVICE/App/usbd_desc.o
 *fill*         0x0800aede        0x2 
 .text.HAL_PCD_MspInit
                0x0800aee0       0xa8 ./USB_DEVICE/Target/usbd_conf.o
                0x0800aee0                HAL_PCD_MspInit
 .text.HAL_PCD_SetupStageCallback
                0x0800af88       0x24 ./USB_DEVICE/Target/usbd_conf.o
                0x0800af88                HAL_PCD_SetupStageCallback
 .text.HAL_PCD_DataOutStageCallback
                0x0800afac       0x36 ./USB_DEVICE/Target/usbd_conf.o
                0x0800afac                HAL_PCD_DataOutStageCallback
 .text.HAL_PCD_DataInStageCallback
                0x0800afe2       0x34 ./USB_DEVICE/Target/usbd_conf.o
                0x0800afe2                HAL_PCD_DataInStageCallback
 .text.HAL_PCD_SOFCallback
                0x0800b016       0x1c ./USB_DEVICE/Target/usbd_conf.o
                0x0800b016                HAL_PCD_SOFCallback
 .text.HAL_PCD_ResetCallback
                0x0800b032       0x3c ./USB_DEVICE/Target/usbd_conf.o
                0x0800b032                HAL_PCD_ResetCallback
 *fill*         0x0800b06e        0x2 
 .text.HAL_PCD_SuspendCallback
                0x0800b070       0x4c ./USB_DEVICE/Target/usbd_conf.o
                0x0800b070                HAL_PCD_SuspendCallback
 .text.HAL_PCD_ResumeCallback
                0x0800b0bc       0x1c ./USB_DEVICE/Target/usbd_conf.o
                0x0800b0bc                HAL_PCD_ResumeCallback
 .text.HAL_PCD_ISOOUTIncompleteCallback
                0x0800b0d8       0x24 ./USB_DEVICE/Target/usbd_conf.o
                0x0800b0d8                HAL_PCD_ISOOUTIncompleteCallback
 .text.HAL_PCD_ISOINIncompleteCallback
                0x0800b0fc       0x24 ./USB_DEVICE/Target/usbd_conf.o
                0x0800b0fc                HAL_PCD_ISOINIncompleteCallback
 .text.HAL_PCD_ConnectCallback
                0x0800b120       0x1c ./USB_DEVICE/Target/usbd_conf.o
                0x0800b120                HAL_PCD_ConnectCallback
 .text.HAL_PCD_DisconnectCallback
                0x0800b13c       0x1c ./USB_DEVICE/Target/usbd_conf.o
                0x0800b13c                HAL_PCD_DisconnectCallback
 .text.USBD_LL_Init
                0x0800b158       0x98 ./USB_DEVICE/Target/usbd_conf.o
                0x0800b158                USBD_LL_Init
 .text.USBD_LL_Start
                0x0800b1f0       0x36 ./USB_DEVICE/Target/usbd_conf.o
                0x0800b1f0                USBD_LL_Start
 .text.USBD_LL_OpenEP
                0x0800b226       0x4c ./USB_DEVICE/Target/usbd_conf.o
                0x0800b226                USBD_LL_OpenEP
 .text.USBD_LL_CloseEP
                0x0800b272       0x3e ./USB_DEVICE/Target/usbd_conf.o
                0x0800b272                USBD_LL_CloseEP
 .text.USBD_LL_StallEP
                0x0800b2b0       0x3e ./USB_DEVICE/Target/usbd_conf.o
                0x0800b2b0                USBD_LL_StallEP
 .text.USBD_LL_ClearStallEP
                0x0800b2ee       0x3e ./USB_DEVICE/Target/usbd_conf.o
                0x0800b2ee                USBD_LL_ClearStallEP
 .text.USBD_LL_IsStallEP
                0x0800b32c       0x58 ./USB_DEVICE/Target/usbd_conf.o
                0x0800b32c                USBD_LL_IsStallEP
 .text.USBD_LL_SetUSBAddress
                0x0800b384       0x3e ./USB_DEVICE/Target/usbd_conf.o
                0x0800b384                USBD_LL_SetUSBAddress
 .text.USBD_LL_Transmit
                0x0800b3c2       0x42 ./USB_DEVICE/Target/usbd_conf.o
                0x0800b3c2                USBD_LL_Transmit
 .text.USBD_LL_PrepareReceive
                0x0800b404       0x42 ./USB_DEVICE/Target/usbd_conf.o
                0x0800b404                USBD_LL_PrepareReceive
 .text.USBD_LL_GetRxDataSize
                0x0800b446       0x26 ./USB_DEVICE/Target/usbd_conf.o
                0x0800b446                USBD_LL_GetRxDataSize
 .text.USBD_static_malloc
                0x0800b46c       0x1c ./USB_DEVICE/Target/usbd_conf.o
                0x0800b46c                USBD_static_malloc
 .text.USBD_static_free
                0x0800b488       0x14 ./USB_DEVICE/Target/usbd_conf.o
                0x0800b488                USBD_static_free
 .text.USBD_Get_USB_Status
                0x0800b49c       0x58 ./USB_DEVICE/Target/usbd_conf.o
                0x0800b49c                USBD_Get_USB_Status
 .text.std      0x0800b4f4       0x6c D:/Programmes/STM32CubeIDE_1.19.0/STM32CubeIDE/plugins/com.st.stm32cube.ide.mcu.externaltools.gnu-tools-for-stm32.14.3.rel1.win32_1.0.100.202602081740/tools/bin/../lib/gcc/arm-none-eabi/14.3.1/../../../../arm-none-eabi/lib/thumb/v7e-m+fp/hard\libc_nano.a(libc_a-findfp.o)
 .text.stdio_exit_handler
                0x0800b560       0x18 D:/Programmes/STM32CubeIDE_1.19.0/STM32CubeIDE/plugins/com.st.stm32cube.ide.mcu.externaltools.gnu-tools-for-stm32.14.3.rel1.win32_1.0.100.202602081740/tools/bin/../lib/gcc/arm-none-eabi/14.3.1/../../../../arm-none-eabi/lib/thumb/v7e-m+fp/hard\libc_nano.a(libc_a-findfp.o)
 .text.cleanup_stdio
                0x0800b578       0x40 D:/Programmes/STM32CubeIDE_1.19.0/STM32CubeIDE/plugins/com.st.stm32cube.ide.mcu.externaltools.gnu-tools-for-stm32.14.3.rel1.win32_1.0.100.202602081740/tools/bin/../lib/gcc/arm-none-eabi/14.3.1/../../../../arm-none-eabi/lib/thumb/v7e-m+fp/hard\libc_nano.a(libc_a-findfp.o)
 .text.global_stdio_init.part.0
                0x0800b5b8       0x40 D:/Programmes/STM32CubeIDE_1.19.0/STM32CubeIDE/plugins/com.st.stm32cube.ide.mcu.externaltools.gnu-tools-for-stm32.14.3.rel1.win32_1.0.100.202602081740/tools/bin/../lib/gcc/arm-none-eabi/14.3.1/../../../../arm-none-eabi/lib/thumb/v7e-m+fp/hard\libc_nano.a(libc_a-findfp.o)
 .text.__sfp_lock_acquire
                0x0800b5f8        0xc D:/Programmes/STM32CubeIDE_1.19.0/STM32CubeIDE/plugins/com.st.stm32cube.ide.mcu.externaltools.gnu-tools-for-stm32.14.3.rel1.win32_1.0.100.202602081740/tools/bin/../lib/gcc/arm-none-eabi/14.3.1/../../../../arm-none-eabi/lib/thumb/v7e-m+fp/hard\libc_nano.a(libc_a-findfp.o)
                0x0800b5f8                __sfp_lock_acquire
 .text.__sfp_lock_release
                0x0800b604        0xc D:/Programmes/STM32CubeIDE_1.19.0/STM32CubeIDE/plugins/com.st.stm32cube.ide.mcu.externaltools.gnu-tools-for-stm32.14.3.rel1.win32_1.0.100.202602081740/tools/bin/../lib/gcc/arm-none-eabi/14.3.1/../../../../arm-none-eabi/lib/thumb/v7e-m+fp/hard\libc_nano.a(libc_a-findfp.o)
                0x0800b604                __sfp_lock_release
 .text.__sinit  0x0800b610       0x30 D:/Programmes/STM32CubeIDE_1.19.0/STM32CubeIDE/plugins/com.st.stm32cube.ide.mcu.externaltools.gnu-tools-for-stm32.14.3.rel1.win32_1.0.100.202602081740/tools/bin/../lib/gcc/arm-none-eabi/14.3.1/../../../../arm-none-eabi/lib/thumb/v7e-m+fp/hard\libc_nano.a(libc_a-findfp.o)
                0x0800b610                __sinit
 .text._fwalk_sglue
                0x0800b640       0x3c D:/Programmes/STM32CubeIDE_1.19.0/STM32CubeIDE/plugins/com.st.stm32cube.ide.mcu.externaltools.gnu-tools-for-stm32.14.3.rel1.win32_1.0.100.202602081740/tools/bin/../lib/gcc/arm-none-eabi/14.3.1/../../../../arm-none-eabi/lib/thumb/v7e-m+fp/hard\libc_nano.a(libc_a-fwalk.o)
                0x0800b640                _fwalk_sglue
 .text.printf   0x0800b67c       0x24 D:/Programmes/STM32CubeIDE_1.19.0/STM32CubeIDE/plugins/com.st.stm32cube.ide.mcu.externaltools.gnu-tools-for-stm32.14.3.rel1.win32_1.0.100.202602081740/tools/bin/../lib/gcc/arm-none-eabi/14.3.1/../../../../arm-none-eabi/lib/thumb/v7e-m+fp/hard\libc_nano.a(libc_a-printf.o)
                0x0800b67c                iprintf
                0x0800b67c                printf
 .text.__sread  0x0800b6a0       0x22 D:/Programmes/STM32CubeIDE_1.19.0/STM32CubeIDE/plugins/com.st.stm32cube.ide.mcu.externaltools.gnu-tools-for-stm32.14.3.rel1.win32_1.0.100.202602081740/tools/bin/../lib/gcc/arm-none-eabi/14.3.1/../../../../arm-none-eabi/lib/thumb/v7e-m+fp/hard\libc_nano.a(libc_a-stdio.o)
                0x0800b6a0                __sread
 .text.__swrite
                0x0800b6c2       0x38 D:/Programmes/STM32CubeIDE_1.19.0/STM32CubeIDE/plugins/com.st.stm32cube.ide.mcu.externaltools.gnu-tools-for-stm32.14.3.rel1.win32_1.0.100.202602081740/tools/bin/../lib/gcc/arm-none-eabi/14.3.1/../../../../arm-none-eabi/lib/thumb/v7e-m+fp/hard\libc_nano.a(libc_a-stdio.o)
                0x0800b6c2                __swrite
 .text.__sseek  0x0800b6fa       0x26 D:/Programmes/STM32CubeIDE_1.19.0/STM32CubeIDE/plugins/com.st.stm32cube.ide.mcu.externaltools.gnu-tools-for-stm32.14.3.rel1.win32_1.0.100.202602081740/tools/bin/../lib/gcc/arm-none-eabi/14.3.1/../../../../arm-none-eabi/lib/thumb/v7e-m+fp/hard\libc_nano.a(libc_a-stdio.o)
                0x0800b6fa                __sseek
 .text.__sclose
                0x0800b720        0x8 D:/Programmes/STM32CubeIDE_1.19.0/STM32CubeIDE/plugins/com.st.stm32cube.ide.mcu.externaltools.gnu-tools-for-stm32.14.3.rel1.win32_1.0.100.202602081740/tools/bin/../lib/gcc/arm-none-eabi/14.3.1/../../../../arm-none-eabi/lib/thumb/v7e-m+fp/hard\libc_nano.a(libc_a-stdio.o)
                0x0800b720                __sclose
 .text.memset   0x0800b728       0x10 D:/Programmes/STM32CubeIDE_1.19.0/STM32CubeIDE/plugins/com.st.stm32cube.ide.mcu.externaltools.gnu-tools-for-stm32.14.3.rel1.win32_1.0.100.202602081740/tools/bin/../lib/gcc/arm-none-eabi/14.3.1/../../../../arm-none-eabi/lib/thumb/v7e-m+fp/hard\libc_nano.a(libc_a-memset.o)
                0x0800b728                memset
 .text._close_r
                0x0800b738       0x20 D:/Programmes/STM32CubeIDE_1.19.0/STM32CubeIDE/plugins/com.st.stm32cube.ide.mcu.externaltools.gnu-tools-for-stm32.14.3.rel1.win32_1.0.100.202602081740/tools/bin/../lib/gcc/arm-none-eabi/14.3.1/../../../../arm-none-eabi/lib/thumb/v7e-m+fp/hard\libc_nano.a(libc_a-closer.o)
                0x0800b738                _close_r
 .text._lseek_r
                0x0800b758       0x24 D:/Programmes/STM32CubeIDE_1.19.0/STM32CubeIDE/plugins/com.st.stm32cube.ide.mcu.externaltools.gnu-tools-for-stm32.14.3.rel1.win32_1.0.100.202602081740/tools/bin/../lib/gcc/arm-none-eabi/14.3.1/../../../../arm-none-eabi/lib/thumb/v7e-m+fp/hard\libc_nano.a(libc_a-lseekr.o)
                0x0800b758                _lseek_r
 .text._read_r  0x0800b77c       0x24 D:/Programmes/STM32CubeIDE_1.19.0/STM32CubeIDE/plugins/com.st.stm32cube.ide.mcu.externaltools.gnu-tools-for-stm32.14.3.rel1.win32_1.0.100.202602081740/tools/bin/../lib/gcc/arm-none-eabi/14.3.1/../../../../arm-none-eabi/lib/thumb/v7e-m+fp/hard\libc_nano.a(libc_a-readr.o)
                0x0800b77c                _read_r
 .text._write_r
                0x0800b7a0       0x24 D:/Programmes/STM32CubeIDE_1.19.0/STM32CubeIDE/plugins/com.st.stm32cube.ide.mcu.externaltools.gnu-tools-for-stm32.14.3.rel1.win32_1.0.100.202602081740/tools/bin/../lib/gcc/arm-none-eabi/14.3.1/../../../../arm-none-eabi/lib/thumb/v7e-m+fp/hard\libc_nano.a(libc_a-writer.o)
                0x0800b7a0                _write_r
 .text.__errno  0x0800b7c4        0xc D:/Programmes/STM32CubeIDE_1.19.0/STM32CubeIDE/plugins/com.st.stm32cube.ide.mcu.externaltools.gnu-tools-for-stm32.14.3.rel1.win32_1.0.100.202602081740/tools/bin/../lib/gcc/arm-none-eabi/14.3.1/../../../../arm-none-eabi/lib/thumb/v7e-m+fp/hard\libc_nano.a(libc_a-errno.o)
                0x0800b7c4                __errno
 .text.__libc_init_array
                0x0800b7d0       0x48 D:/Programmes/STM32CubeIDE_1.19.0/STM32CubeIDE/plugins/com.st.stm32cube.ide.mcu.externaltools.gnu-tools-for-stm32.14.3.rel1.win32_1.0.100.202602081740/tools/bin/../lib/gcc/arm-none-eabi/14.3.1/../../../../arm-none-eabi/lib/thumb/v7e-m+fp/hard\libc_nano.a(libc_a-init.o)
                0x0800b7d0                __libc_init_array
 .text.__retarget_lock_init_recursive
                0x0800b818        0x2 D:/Programmes/STM32CubeIDE_1.19.0/STM32CubeIDE/plugins/com.st.stm32cube.ide.mcu.externaltools.gnu-tools-for-stm32.14.3.rel1.win32_1.0.100.202602081740/tools/bin/../lib/gcc/arm-none-eabi/14.3.1/../../../../arm-none-eabi/lib/thumb/v7e-m+fp/hard\libc_nano.a(libc_a-lock.o)
                0x0800b818                __retarget_lock_init_recursive
 .text.__retarget_lock_acquire_recursive
                0x0800b81a        0x2 D:/Programmes/STM32CubeIDE_1.19.0/STM32CubeIDE/plugins/com.st.stm32cube.ide.mcu.externaltools.gnu-tools-for-stm32.14.3.rel1.win32_1.0.100.202602081740/tools/bin/../lib/gcc/arm-none-eabi/14.3.1/../../../../arm-none-eabi/lib/thumb/v7e-m+fp/hard\libc_nano.a(libc_a-lock.o)
                0x0800b81a                __retarget_lock_acquire_recursive
 .text.__retarget_lock_release_recursive
                0x0800b81c        0x2 D:/Programmes/STM32CubeIDE_1.19.0/STM32CubeIDE/plugins/com.st.stm32cube.ide.mcu.externaltools.gnu-tools-for-stm32.14.3.rel1.win32_1.0.100.202602081740/tools/bin/../lib/gcc/arm-none-eabi/14.3.1/../../../../arm-none-eabi/lib/thumb/v7e-m+fp/hard\libc_nano.a(libc_a-lock.o)
                0x0800b81c                __retarget_lock_release_recursive
 *fill*         0x0800b81e        0x2 
 .text._free_r  0x0800b820       0x94 D:/Programmes/STM32CubeIDE_1.19.0/STM32CubeIDE/plugins/com.st.stm32cube.ide.mcu.externaltools.gnu-tools-for-stm32.14.3.rel1.win32_1.0.100.202602081740/tools/bin/../lib/gcc/arm-none-eabi/14.3.1/../../../../arm-none-eabi/lib/thumb/v7e-m+fp/hard\libc_nano.a(libc_a-freer.o)
                0x0800b820                _free_r
 .text.sbrk_aligned
                0x0800b8b4       0x44 D:/Programmes/STM32CubeIDE_1.19.0/STM32CubeIDE/plugins/com.st.stm32cube.ide.mcu.externaltools.gnu-tools-for-stm32.14.3.rel1.win32_1.0.100.202602081740/tools/bin/../lib/gcc/arm-none-eabi/14.3.1/../../../../arm-none-eabi/lib/thumb/v7e-m+fp/hard\libc_nano.a(libc_a-mallocr.o)
 .text._malloc_r
                0x0800b8f8      0x100 D:/Programmes/STM32CubeIDE_1.19.0/STM32CubeIDE/plugins/com.st.stm32cube.ide.mcu.externaltools.gnu-tools-for-stm32.14.3.rel1.win32_1.0.100.202602081740/tools/bin/../lib/gcc/arm-none-eabi/14.3.1/../../../../arm-none-eabi/lib/thumb/v7e-m+fp/hard\libc_nano.a(libc_a-mallocr.o)
                0x0800b8f8                _malloc_r
 .text.__malloc_lock
                0x0800b9f8        0xc D:/Programmes/STM32CubeIDE_1.19.0/STM32CubeIDE/plugins/com.st.stm32cube.ide.mcu.externaltools.gnu-tools-for-stm32.14.3.rel1.win32_1.0.100.202602081740/tools/bin/../lib/gcc/arm-none-eabi/14.3.1/../../../../arm-none-eabi/lib/thumb/v7e-m+fp/hard\libc_nano.a(libc_a-mlock.o)
                0x0800b9f8                __malloc_lock
 .text.__malloc_unlock
                0x0800ba04        0xc D:/Programmes/STM32CubeIDE_1.19.0/STM32CubeIDE/plugins/com.st.stm32cube.ide.mcu.externaltools.gnu-tools-for-stm32.14.3.rel1.win32_1.0.100.202602081740/tools/bin/../lib/gcc/arm-none-eabi/14.3.1/../../../../arm-none-eabi/lib/thumb/v7e-m+fp/hard\libc_nano.a(libc_a-mlock.o)
                0x0800ba04                __malloc_unlock
 .text.__sfputc_r
                0x0800ba10       0x2e D:/Programmes/STM32CubeIDE_1.19.0/STM32CubeIDE/plugins/com.st.stm32cube.ide.mcu.externaltools.gnu-tools-for-stm32.14.3.rel1.win32_1.0.100.202602081740/tools/bin/../lib/gcc/arm-none-eabi/14.3.1/../../../../arm-none-eabi/lib/thumb/v7e-m+fp/hard\libc_nano.a(libc_a-nano-vfprintf.o)
 .text.__sfputs_r
                0x0800ba3e       0x24 D:/Programmes/STM32CubeIDE_1.19.0/STM32CubeIDE/plugins/com.st.stm32cube.ide.mcu.externaltools.gnu-tools-for-stm32.14.3.rel1.win32_1.0.100.202602081740/tools/bin/../lib/gcc/arm-none-eabi/14.3.1/../../../../arm-none-eabi/lib/thumb/v7e-m+fp/hard\libc_nano.a(libc_a-nano-vfprintf.o)
                0x0800ba3e                __sfputs_r
 *fill*         0x0800ba62        0x2 
 .text._vfprintf_r
                0x0800ba64      0x228 D:/Programmes/STM32CubeIDE_1.19.0/STM32CubeIDE/plugins/com.st.stm32cube.ide.mcu.externaltools.gnu-tools-for-stm32.14.3.rel1.win32_1.0.100.202602081740/tools/bin/../lib/gcc/arm-none-eabi/14.3.1/../../../../arm-none-eabi/lib/thumb/v7e-m+fp/hard\libc_nano.a(libc_a-nano-vfprintf.o)
                0x0800ba64                _vfprintf_r
                0x0800ba64                _vfiprintf_r
 .text._printf_common
                0x0800bc8c       0xda D:/Programmes/STM32CubeIDE_1.19.0/STM32CubeIDE/plugins/com.st.stm32cube.ide.mcu.externaltools.gnu-tools-for-stm32.14.3.rel1.win32_1.0.100.202602081740/tools/bin/../lib/gcc/arm-none-eabi/14.3.1/../../../../arm-none-eabi/lib/thumb/v7e-m+fp/hard\libc_nano.a(libc_a-nano-vfprintf_i.o)
                0x0800bc8c                _printf_common
 *fill*         0x0800bd66        0x2 
 .text._printf_i
                0x0800bd68      0x24c D:/Programmes/STM32CubeIDE_1.19.0/STM32CubeIDE/plugins/com.st.stm32cube.ide.mcu.externaltools.gnu-tools-for-stm32.14.3.rel1.win32_1.0.100.202602081740/tools/bin/../lib/gcc/arm-none-eabi/14.3.1/../../../../arm-none-eabi/lib/thumb/v7e-m+fp/hard\libc_nano.a(libc_a-nano-vfprintf_i.o)
                0x0800bd68                _printf_i
 .text.__sflush_r
                0x0800bfb4      0x104 D:/Programmes/STM32CubeIDE_1.19.0/STM32CubeIDE/plugins/com.st.stm32cube.ide.mcu.externaltools.gnu-tools-for-stm32.14.3.rel1.win32_1.0.100.202602081740/tools/bin/../lib/gcc/arm-none-eabi/14.3.1/../../../../arm-none-eabi/lib/thumb/v7e-m+fp/hard\libc_nano.a(libc_a-fflush.o)
                0x0800bfb4                __sflush_r
 .text._fflush_r
                0x0800c0b8       0x50 D:/Programmes/STM32CubeIDE_1.19.0/STM32CubeIDE/plugins/com.st.stm32cube.ide.mcu.externaltools.gnu-tools-for-stm32.14.3.rel1.win32_1.0.100.202602081740/tools/bin/../lib/gcc/arm-none-eabi/14.3.1/../../../../arm-none-eabi/lib/thumb/v7e-m+fp/hard\libc_nano.a(libc_a-fflush.o)
                0x0800c0b8                _fflush_r
 .text.__swbuf_r
                0x0800c108       0x7c D:/Programmes/STM32CubeIDE_1.19.0/STM32CubeIDE/plugins/com.st.stm32cube.ide.mcu.externaltools.gnu-tools-for-stm32.14.3.rel1.win32_1.0.100.202602081740/tools/bin/../lib/gcc/arm-none-eabi/14.3.1/../../../../arm-none-eabi/lib/thumb/v7e-m+fp/hard\libc_nano.a(libc_a-wbuf.o)
                0x0800c108                __swbuf_r
 .text.__swsetup_r
                0x0800c184       0xa8 D:/Programmes/STM32CubeIDE_1.19.0/STM32CubeIDE/plugins/com.st.stm32cube.ide.mcu.externaltools.gnu-tools-for-stm32.14.3.rel1.win32_1.0.100.202602081740/tools/bin/../lib/gcc/arm-none-eabi/14.3.1/../../../../arm-none-eabi/lib/thumb/v7e-m+fp/hard\libc_nano.a(libc_a-wsetup.o)
                0x0800c184                __swsetup_r
 .text._sbrk_r  0x0800c22c       0x20 D:/Programmes/STM32CubeIDE_1.19.0/STM32CubeIDE/plugins/com.st.stm32cube.ide.mcu.externaltools.gnu-tools-for-stm32.14.3.rel1.win32_1.0.100.202602081740/tools/bin/../lib/gcc/arm-none-eabi/14.3.1/../../../../arm-none-eabi/lib/thumb/v7e-m+fp/hard\libc_nano.a(libc_a-sbrkr.o)
                0x0800c22c                _sbrk_r
 .text.__swhatbuf_r
                0x0800c24c       0x48 D:/Programmes/STM32CubeIDE_1.19.0/STM32CubeIDE/plugins/com.st.stm32cube.ide.mcu.externaltools.gnu-tools-for-stm32.14.3.rel1.win32_1.0.100.202602081740/tools/bin/../lib/gcc/arm-none-eabi/14.3.1/../../../../arm-none-eabi/lib/thumb/v7e-m+fp/hard\libc_nano.a(libc_a-makebuf.o)
                0x0800c24c                __swhatbuf_r
 .text.__smakebuf_r
                0x0800c294       0x72 D:/Programmes/STM32CubeIDE_1.19.0/STM32CubeIDE/plugins/com.st.stm32cube.ide.mcu.externaltools.gnu-tools-for-stm32.14.3.rel1.win32_1.0.100.202602081740/tools/bin/../lib/gcc/arm-none-eabi/14.3.1/../../../../arm-none-eabi/lib/thumb/v7e-m+fp/hard\libc_nano.a(libc_a-makebuf.o)
                0x0800c294                __smakebuf_r
 *fill*         0x0800c306        0x2 
 .text._fstat_r
                0x0800c308       0x24 D:/Programmes/STM32CubeIDE_1.19.0/STM32CubeIDE/plugins/com.st.stm32cube.ide.mcu.externaltools.gnu-tools-for-stm32.14.3.rel1.win32_1.0.100.202602081740/tools/bin/../lib/gcc/arm-none-eabi/14.3.1/../../../../arm-none-eabi/lib/thumb/v7e-m+fp/hard\libc_nano.a(libc_a-fstatr.o)
                0x0800c308                _fstat_r
 .text._isatty_r
                0x0800c32c       0x20 D:/Programmes/STM32CubeIDE_1.19.0/STM32CubeIDE/plugins/com.st.stm32cube.ide.mcu.externaltools.gnu-tools-for-stm32.14.3.rel1.win32_1.0.100.202602081740/tools/bin/../lib/gcc/arm-none-eabi/14.3.1/../../../../arm-none-eabi/lib/thumb/v7e-m+fp/hard\libc_nano.a(libc_a-isattyr.o)
                0x0800c32c                _isatty_r
 *(.glue_7)
 .glue_7        0x0800c34c        0x0 linker stubs
 *(.glue_7t)
 .glue_7t       0x0800c34c        0x0 linker stubs
 *(.eh_frame)
 .eh_frame      0x0800c34c        0x0 D:/Programmes/STM32CubeIDE_1.19.0/STM32CubeIDE/plugins/com.st.stm32cube.ide.mcu.externaltools.gnu-tools-for-stm32.14.3.rel1.win32_1.0.100.202602081740/tools/bin/../lib/gcc/arm-none-eabi/14.3.1/thumb/v7e-m+fp/hard/crtbegin.o
 *(.init)
 .init          0x0800c34c        0x4 D:/Programmes/STM32CubeIDE_1.19.0/STM32CubeIDE/plugins/com.st.stm32cube.ide.mcu.externaltools.gnu-tools-for-stm32.14.3.rel1.win32_1.0.100.202602081740/tools/bin/../lib/gcc/arm-none-eabi/14.3.1/thumb/v7e-m+fp/hard/crti.o
                0x0800c34c                _init
 .init          0x0800c350        0x8 D:/Programmes/STM32CubeIDE_1.19.0/STM32CubeIDE/plugins/com.st.stm32cube.ide.mcu.externaltools.gnu-tools-for-stm32.14.3.rel1.win32_1.0.100.202602081740/tools/bin/../lib/gcc/arm-none-eabi/14.3.1/thumb/v7e-m+fp/hard/crtn.o
 *(.fini)
 .fini          0x0800c358        0x4 D:/Programmes/STM32CubeIDE_1.19.0/STM32CubeIDE/plugins/com.st.stm32cube.ide.mcu.externaltools.gnu-tools-for-stm32.14.3.rel1.win32_1.0.100.202602081740/tools/bin/../lib/gcc/arm-none-eabi/14.3.1/thumb/v7e-m+fp/hard/crti.o
                0x0800c358                _fini
 .fini          0x0800c35c        0x8 D:/Programmes/STM32CubeIDE_1.19.0/STM32CubeIDE/plugins/com.st.stm32cube.ide.mcu.externaltools.gnu-tools-for-stm32.14.3.rel1.win32_1.0.100.202602081740/tools/bin/../lib/gcc/arm-none-eabi/14.3.1/thumb/v7e-m+fp/hard/crtn.o
                0x0800c364                        . = ALIGN (0x4)
                0x0800c364                        _etext = .

.vfp11_veneer   0x0800c364        0x0
 .vfp11_veneer  0x0800c364        0x0 linker stubs

.v4_bx          0x0800c364        0x0
 .v4_bx         0x0800c364        0x0 linker stubs

.iplt           0x0800c364        0x0
 .iplt          0x0800c364        0x0 D:/Programmes/STM32CubeIDE_1.19.0/STM32CubeIDE/plugins/com.st.stm32cube.ide.mcu.externaltools.gnu-tools-for-stm32.14.3.rel1.win32_1.0.100.202602081740/tools/bin/../lib/gcc/arm-none-eabi/14.3.1/thumb/v7e-m+fp/hard/crtbegin.o

.rodata         0x0800c364       0xec
                0x0800c364                        . = ALIGN (0x4)
 *(.rodata)
 .rodata        0x0800c364       0x14 ./Core/Src/dialogue.o
 .rodata        0x0800c378       0x3b ./Core/Src/main.o
 *fill*         0x0800c3b3        0x1 
 .rodata        0x0800c3b4       0x46 ./USB_DEVICE/App/usbd_desc.o
 *(.rodata*)
 *fill*         0x0800c3fa        0x2 
 .rodata.AHBPrescTable
                0x0800c3fc       0x10 ./Core/Src/system_stm32f4xx.o
                0x0800c3fc                AHBPrescTable
 .rodata.APBPrescTable
                0x0800c40c        0x8 ./Core/Src/system_stm32f4xx.o
                0x0800c40c                APBPrescTable
 .rodata.flagBitshiftOffset.0
                0x0800c414        0x8 ./Drivers/STM32F4xx_HAL_Driver/Src/stm32f4xx_hal_dma.o
 .rodata._vfprintf_r.str1.1
                0x0800c41c       0x33 D:/Programmes/STM32CubeIDE_1.19.0/STM32CubeIDE/plugins/com.st.stm32cube.ide.mcu.externaltools.gnu-tools-for-stm32.14.3.rel1.win32_1.0.100.202602081740/tools/bin/../lib/gcc/arm-none-eabi/14.3.1/../../../../arm-none-eabi/lib/thumb/v7e-m+fp/hard\libc_nano.a(libc_a-nano-vfprintf.o)
                                 0x11 (size before relaxing)
 .rodata._printf_i.str1.1
                0x0800c44f       0x22 D:/Programmes/STM32CubeIDE_1.19.0/STM32CubeIDE/plugins/com.st.stm32cube.ide.mcu.externaltools.gnu-tools-for-stm32.14.3.rel1.win32_1.0.100.202602081740/tools/bin/../lib/gcc/arm-none-eabi/14.3.1/../../../../arm-none-eabi/lib/thumb/v7e-m+fp/hard\libc_nano.a(libc_a-nano-vfprintf_i.o)
                0x0800c474                        . = ALIGN (0x4)
 *fill*         0x0800c44f        0x1 

.ARM.extab      0x0800c450        0x0
                0x0800c450                        . = ALIGN (0x4)
 *(.ARM.extab* .gnu.linkonce.armextab.*)
                0x0800c450                        . = ALIGN (0x4)

.ARM            0x0800c450        0x8
                0x0800c450                        . = ALIGN (0x4)
                0x0800c450                        __exidx_start = .
 *(.ARM.exidx*)
 .ARM.exidx     0x0800c450        0x8 D:/Programmes/STM32CubeIDE_1.19.0/STM32CubeIDE/plugins/com.st.stm32cube.ide.mcu.externaltools.gnu-tools-for-stm32.14.3.rel1.win32_1.0.100.202602081740/tools/bin/../lib/gcc/arm-none-eabi/14.3.1/../../../../arm-none-eabi/lib/thumb/v7e-m+fp/hard\libc_nano.a(libc_a-memchr.o)
 .ARM.exidx     0x0800c458        0x0 D:/Programmes/STM32CubeIDE_1.19.0/STM32CubeIDE/plugins/com.st.stm32cube.ide.mcu.externaltools.gnu-tools-for-stm32.14.3.rel1.win32_1.0.100.202602081740/tools/bin/../lib/gcc/arm-none-eabi/14.3.1/thumb/v7e-m+fp/hard\libgcc.a(_udivmoddi4.o)
                                  0x8 (size before relaxing)
                0x0800c458                        __exidx_end = .
                0x0800c458                        . = ALIGN (0x4)

.preinit_array  0x0800c458        0x0
                0x0800c458                        . = ALIGN (0x4)
                0x0800c458                        PROVIDE (__preinit_array_start = .)
 *(.preinit_array*)
                0x0800c458                        PROVIDE (__preinit_array_end = .)
                0x0800c458                        . = ALIGN (0x4)

.init_array     0x0800c458        0x4
                0x0800c458                        . = ALIGN (0x4)
                0x0800c458                        PROVIDE (__init_array_start = .)
 *(SORT_BY_NAME(.init_array.*))
 *(.init_array*)
 .init_array    0x0800c458        0x4 D:/Programmes/STM32CubeIDE_1.19.0/STM32CubeIDE/plugins/com.st.stm32cube.ide.mcu.externaltools.gnu-tools-for-stm32.14.3.rel1.win32_1.0.100.202602081740/tools/bin/../lib/gcc/arm-none-eabi/14.3.1/thumb/v7e-m+fp/hard/crtbegin.o
                0x0800c45c                        PROVIDE (__init_array_end = .)
                0x0800c45c                        . = ALIGN (0x4)

.fini_array     0x0800c45c        0x4
                0x0800c45c                        . = ALIGN (0x4)
                [!provide]                        PROVIDE (__fini_array_start = .)
 *(SORT_BY_NAME(.fini_array.*))
 *(.fini_array*)
 .fini_array    0x0800c45c        0x4 D:/Programmes/STM32CubeIDE_1.19.0/STM32CubeIDE/plugins/com.st.stm32cube.ide.mcu.externaltools.gnu-tools-for-stm32.14.3.rel1.win32_1.0.100.202602081740/tools/bin/../lib/gcc/arm-none-eabi/14.3.1/thumb/v7e-m+fp/hard/crtbegin.o
                [!provide]                        PROVIDE (__fini_array_end = .)
                0x0800c460                        . = ALIGN (0x4)
                0x0800c460                        _sidata = LOADADDR (.data)

.rel.dyn        0x0800c460        0x0
 .rel.iplt      0x0800c460        0x0 D:/Programmes/STM32CubeIDE_1.19.0/STM32CubeIDE/plugins/com.st.stm32cube.ide.mcu.externaltools.gnu-tools-for-stm32.14.3.rel1.win32_1.0.100.202602081740/tools/bin/../lib/gcc/arm-none-eabi/14.3.1/thumb/v7e-m+fp/hard/crtbegin.o

.data           0x20000000      0x168 load address 0x0800c460
                0x20000000                        . = ALIGN (0x4)
                0x20000000                        _sdata = .
 *(.data)
 *(.data*)
 .data.moteurG  0x20000000        0x6 ./Core/Src/moteur.o
 *fill*         0x20000006        0x2 
 .data.moteurD  0x20000008        0x6 ./Core/Src/moteur.o
 *fill*         0x2000000e        0x2 
 .data.SystemCoreClock
                0x20000010        0x4 ./Core/Src/system_stm32f4xx.o
                0x20000010                SystemCoreClock
 .data.uwTickPrio
                0x20000014        0x4 ./Drivers/STM32F4xx_HAL_Driver/Src/stm32f4xx_hal.o
                0x20000014                uwTickPrio
 .data.uwTickFreq
                0x20000018        0x1 ./Drivers/STM32F4xx_HAL_Driver/Src/stm32f4xx_hal.o
                0x20000018                uwTickFreq
 *fill*         0x20000019        0x3 
 .data.USBD_CDC_DeviceQualifierDesc
                0x2000001c        0xa ./Middlewares/ST/STM32_USB_Device_Library/Class/CDC/Src/usbd_cdc.o
 *fill*         0x20000026        0x2 
 .data.USBD_CDC
                0x20000028       0x38 ./Middlewares/ST/STM32_USB_Device_Library/Class/CDC/Src/usbd_cdc.o
                0x20000028                USBD_CDC
 .data.USBD_CDC_CfgDesc
                0x20000060       0x43 ./Middlewares/ST/STM32_USB_Device_Library/Class/CDC/Src/usbd_cdc.o
 .data.CDCInEpAdd
                0x200000a3        0x1 ./Middlewares/ST/STM32_USB_Device_Library/Class/CDC/Src/usbd_cdc.o
 .data.CDCOutEpAdd
                0x200000a4        0x1 ./Middlewares/ST/STM32_USB_Device_Library/Class/CDC/Src/usbd_cdc.o
 .data.CDCCmdEpAdd
                0x200000a5        0x1 ./Middlewares/ST/STM32_USB_Device_Library/Class/CDC/Src/usbd_cdc.o
 *fill*         0x200000a6        0x2 
 .data.USBD_Interface_fops_FS
                0x200000a8       0x14 ./USB_DEVICE/App/usbd_cdc_if.o
                0x200000a8                USBD_Interface_fops_FS
 .data.FS_Desc  0x200000bc       0x1c ./USB_DEVICE/App/usbd_desc.o
                0x200000bc                FS_Desc
 .data.USBD_FS_DeviceDesc
                0x200000d8       0x12 ./USB_DEVICE/App/usbd_desc.o
                0x200000d8                USBD_FS_DeviceDesc
 *fill*         0x200000ea        0x2 
 .data.USBD_LangIDDesc
                0x200000ec        0x4 ./USB_DEVICE/App/usbd_desc.o
                0x200000ec                USBD_LangIDDesc
 .data.USBD_StringSerial
                0x200000f0       0x1a ./USB_DEVICE/App/usbd_desc.o
                0x200000f0                USBD_StringSerial
 *fill*         0x2000010a        0x2 
 .data.__sglue  0x2000010c        0xc D:/Programmes/STM32CubeIDE_1.19.0/STM32CubeIDE/plugins/com.st.stm32cube.ide.mcu.externaltools.gnu-tools-for-stm32.14.3.rel1.win32_1.0.100.202602081740/tools/bin/../lib/gcc/arm-none-eabi/14.3.1/../../../../arm-none-eabi/lib/thumb/v7e-m+fp/hard\libc_nano.a(libc_a-findfp.o)
                0x2000010c                __sglue
 .data._impure_ptr
                0x20000118        0x4 D:/Programmes/STM32CubeIDE_1.19.0/STM32CubeIDE/plugins/com.st.stm32cube.ide.mcu.externaltools.gnu-tools-for-stm32.14.3.rel1.win32_1.0.100.202602081740/tools/bin/../lib/gcc/arm-none-eabi/14.3.1/../../../../arm-none-eabi/lib/thumb/v7e-m+fp/hard\libc_nano.a(libc_a-impure.o)
                0x20000118                _impure_ptr
 .data._impure_data
                0x2000011c       0x4c D:/Programmes/STM32CubeIDE_1.19.0/STM32CubeIDE/plugins/com.st.stm32cube.ide.mcu.externaltools.gnu-tools-for-stm32.14.3.rel1.win32_1.0.100.202602081740/tools/bin/../lib/gcc/arm-none-eabi/14.3.1/../../../../arm-none-eabi/lib/thumb/v7e-m+fp/hard\libc_nano.a(libc_a-impure.o)
                0x2000011c                _impure_data
 *(.RamFunc)
 *(.RamFunc*)
                0x20000168                        . = ALIGN (0x4)
                0x20000168                        _edata = .

.igot.plt       0x20000168        0x0 load address 0x0800c5c8
 .igot.plt      0x20000168        0x0 D:/Programmes/STM32CubeIDE_1.19.0/STM32CubeIDE/plugins/com.st.stm32cube.ide.mcu.externaltools.gnu-tools-for-stm32.14.3.rel1.win32_1.0.100.202602081740/tools/bin/../lib/gcc/arm-none-eabi/14.3.1/thumb/v7e-m+fp/hard/crtbegin.o
                0x20000168                        . = ALIGN (0x4)

.bss            0x20000180     0x229c load address 0x0800c5c8
                0x20000180                        _sbss = .
                0x20000180                        __bss_start__ = _sbss
 *(.bss)
 .bss           0x20000180       0x1c D:/Programmes/STM32CubeIDE_1.19.0/STM32CubeIDE/plugins/com.st.stm32cube.ide.mcu.externaltools.gnu-tools-for-stm32.14.3.rel1.win32_1.0.100.202602081740/tools/bin/../lib/gcc/arm-none-eabi/14.3.1/thumb/v7e-m+fp/hard/crtbegin.o
 *(.bss*)
 .bss.overflow_droite
                0x2000019c        0x4 ./Core/Src/compteur.o
 .bss.rx_dma    0x200001a0       0x80 ./Core/Src/dialogue.o
 .bss.old_pos   0x20000220        0x2 ./Core/Src/dialogue.o
 *fill*         0x20000222        0x2 
 .bss.rx_fifo   0x20000224      0x204 ./Core/Src/dialogue.o
 .bss.line_buffer
                0x20000428       0x80 ./Core/Src/dialogue.o
 .bss.line_index
                0x200004a8        0x2 ./Core/Src/dialogue.o
 *fill*         0x200004aa        0x2 
 .bss.hi2c1     0x200004ac       0x54 ./Core/Src/i2c.o
                0x200004ac                hi2c1
 .bss.compteur2
                0x20000500        0x4 ./Core/Src/main.o
                0x20000500                compteur2
 .bss.hspi1     0x20000504       0x58 ./Core/Src/spi.o
                0x20000504                hspi1
 .bss.__sbrk_heap_end
                0x2000055c        0x4 ./Core/Src/sysmem.o
 .bss.cycles_per_us
                0x20000560        0x4 ./Core/Src/systeme.o
                0x20000560                cycles_per_us
 .bss.last_tick.0
                0x20000564        0x4 ./Core/Src/systeme.o
 .bss.htim1     0x20000568       0x48 ./Core/Src/tim.o
                0x20000568                htim1
 .bss.htim2     0x200005b0       0x48 ./Core/Src/tim.o
                0x200005b0                htim2
 .bss.htim3     0x200005f8       0x48 ./Core/Src/tim.o
                0x200005f8                htim3
 .bss.huart2    0x20000640       0x48 ./Core/Src/usart.o
                0x20000640                huart2
 .bss.hdma_usart2_rx
                0x20000688       0x60 ./Core/Src/usart.o
                0x20000688                hdma_usart2_rx
 .bss.uwTick    0x200006e8        0x4 ./Drivers/STM32F4xx_HAL_Driver/Src/stm32f4xx_hal.o
                0x200006e8                uwTick
 .bss.cfgidx.0  0x200006ec        0x1 ./Middlewares/ST/STM32_USB_Device_Library/Core/Src/usbd_ctlreq.o
 *fill*         0x200006ed        0x3 
 .bss.hUsbDeviceFS
                0x200006f0      0x2dc ./USB_DEVICE/App/usb_device.o
                0x200006f0                hUsbDeviceFS
 .bss.UserRxBufferFS
                0x200009cc      0x800 ./USB_DEVICE/App/usbd_cdc_if.o
                0x200009cc                UserRxBufferFS
 .bss.UserTxBufferFS
                0x200011cc      0x800 ./USB_DEVICE/App/usbd_cdc_if.o
                0x200011cc                UserTxBufferFS
 .bss.USBD_StrDesc
                0x200019cc      0x200 ./USB_DEVICE/App/usbd_desc.o
                0x200019cc                USBD_StrDesc
 .bss.hpcd_USB_OTG_FS
                0x20001bcc      0x4e4 ./USB_DEVICE/Target/usbd_conf.o
                0x20001bcc                hpcd_USB_OTG_FS
 .bss.mem.0     0x200020b0      0x220 ./USB_DEVICE/Target/usbd_conf.o
 .bss.__sf      0x200022d0      0x138 D:/Programmes/STM32CubeIDE_1.19.0/STM32CubeIDE/plugins/com.st.stm32cube.ide.mcu.externaltools.gnu-tools-for-stm32.14.3.rel1.win32_1.0.100.202602081740/tools/bin/../lib/gcc/arm-none-eabi/14.3.1/../../../../arm-none-eabi/lib/thumb/v7e-m+fp/hard\libc_nano.a(libc_a-findfp.o)
                0x200022d0                __sf
 .bss.__stdio_exit_handler
                0x20002408        0x4 D:/Programmes/STM32CubeIDE_1.19.0/STM32CubeIDE/plugins/com.st.stm32cube.ide.mcu.externaltools.gnu-tools-for-stm32.14.3.rel1.win32_1.0.100.202602081740/tools/bin/../lib/gcc/arm-none-eabi/14.3.1/../../../../arm-none-eabi/lib/thumb/v7e-m+fp/hard\libc_nano.a(libc_a-findfp.o)
                0x20002408                __stdio_exit_handler
 .bss.errno     0x2000240c        0x4 D:/Programmes/STM32CubeIDE_1.19.0/STM32CubeIDE/plugins/com.st.stm32cube.ide.mcu.externaltools.gnu-tools-for-stm32.14.3.rel1.win32_1.0.100.202602081740/tools/bin/../lib/gcc/arm-none-eabi/14.3.1/../../../../arm-none-eabi/lib/thumb/v7e-m+fp/hard\libc_nano.a(libc_a-reent.o)
                0x2000240c                errno
 .bss.__lock___malloc_recursive_mutex
                0x20002410        0x1 D:/Programmes/STM32CubeIDE_1.19.0/STM32CubeIDE/plugins/com.st.stm32cube.ide.mcu.externaltools.gnu-tools-for-stm32.14.3.rel1.win32_1.0.100.202602081740/tools/bin/../lib/gcc/arm-none-eabi/14.3.1/../../../../arm-none-eabi/lib/thumb/v7e-m+fp/hard\libc_nano.a(libc_a-lock.o)
                0x20002410                __lock___malloc_recursive_mutex
 .bss.__lock___sfp_recursive_mutex
                0x20002411        0x1 D:/Programmes/STM32CubeIDE_1.19.0/STM32CubeIDE/plugins/com.st.stm32cube.ide.mcu.externaltools.gnu-tools-for-stm32.14.3.rel1.win32_1.0.100.202602081740/tools/bin/../lib/gcc/arm-none-eabi/14.3.1/../../../../arm-none-eabi/lib/thumb/v7e-m+fp/hard\libc_nano.a(libc_a-lock.o)
                0x20002411                __lock___sfp_recursive_mutex
 *fill*         0x20002412        0x2 
 .bss.__malloc_sbrk_start
                0x20002414        0x4 D:/Programmes/STM32CubeIDE_1.19.0/STM32CubeIDE/plugins/com.st.stm32cube.ide.mcu.externaltools.gnu-tools-for-stm32.14.3.rel1.win32_1.0.100.202602081740/tools/bin/../lib/gcc/arm-none-eabi/14.3.1/../../../../arm-none-eabi/lib/thumb/v7e-m+fp/hard\libc_nano.a(libc_a-mallocr.o)
                0x20002414                __malloc_sbrk_start
 .bss.__malloc_free_list
                0x20002418        0x4 D:/Programmes/STM32CubeIDE_1.19.0/STM32CubeIDE/plugins/com.st.stm32cube.ide.mcu.externaltools.gnu-tools-for-stm32.14.3.rel1.win32_1.0.100.202602081740/tools/bin/../lib/gcc/arm-none-eabi/14.3.1/../../../../arm-none-eabi/lib/thumb/v7e-m+fp/hard\libc_nano.a(libc_a-mallocr.o)
                0x20002418                __malloc_free_list
 *(COMMON)
                0x2000241c                        . = ALIGN (0x4)
                0x2000241c                        _ebss = .
                0x2000241c                        __bss_end__ = _ebss

._user_heap_stack
                0x2000241c      0x604 load address 0x0800c5c8
                0x20002420                        . = ALIGN (0x8)
 *fill*         0x2000241c        0x4 
                [!provide]                        PROVIDE (end = .)
                0x20002420                        PROVIDE (_end = .)
                0x20002620                        . = (. + _Min_Heap_Size)
 *fill*         0x20002420      0x200 
                0x20002a20                        . = (. + _Min_Stack_Size)
 *fill*         0x20002620      0x400 
                0x20002a20                        . = ALIGN (0x8)

/DISCARD/
 libc.a(*)
 libm.a(*)
 libgcc.a(*)

.ARM.attributes
                0x00000000       0x30
 *(.ARM.attributes)
 .ARM.attributes
                0x00000000       0x22 D:/Programmes/STM32CubeIDE_1.19.0/STM32CubeIDE/plugins/com.st.stm32cube.ide.mcu.externaltools.gnu-tools-for-stm32.14.3.rel1.win32_1.0.100.202602081740/tools/bin/../lib/gcc/arm-none-eabi/14.3.1/thumb/v7e-m+fp/hard/crti.o
 .ARM.attributes
                0x00000022       0x34 D:/Programmes/STM32CubeIDE_1.19.0/STM32CubeIDE/plugins/com.st.stm32cube.ide.mcu.externaltools.gnu-tools-for-stm32.14.3.rel1.win32_1.0.100.202602081740/tools/bin/../lib/gcc/arm-none-eabi/14.3.1/thumb/v7e-m+fp/hard/crtbegin.o
 .ARM.attributes
                0x00000056       0x34 ./Core/Src/compteur.o