../Core/Src/moteur.c:27:17:valeurAbsolue	16	static
../Core/Src/moteur.c:33:13:AppliquerMoteurGauche	16	static
../Core/Src/moteur.c:76:13:AppliquerMoteurDroite	16	static
../Core/Src/moteur.c:120:6:Moteur_Initialiser	8	static
../Core/Src/moteur.c:149:6:Moteur_DefinirGauche	16	static
../Core/Src/moteur.c:162:6:Moteur_DefinirDroite	16	static
../Core/Src/moteur.c:176:6:Moteur_Gauche_Mode	16	static
../Core/Src/moteur.c:181:6:Moteur_Droit_Mode	16	static
../Core/Src/moteur.c:186:6:Moteur_Arreter	16	static
../Core/Src/moteur.c:198:13:Rampe	16	static
../Core/Src/moteur.c:217:6:Moteur_Traitement	8	static
